Archive member included to satisfy reference by file (symbol)

app/libapp.a(main.c.obj)      (--whole-archive)
app/libapp.a(myfunction.c.obj)
                              (--whole-archive)
zephyr/libzephyr.a(validate_libc.c.obj)
                              (--whole-archive)
zephyr/libzephyr.a(heap.c.obj)
                              (--whole-archive)
zephyr/libzephyr.a(cbprintf_packaged.c.obj)
                              (--whole-archive)
zephyr/libzephyr.a(clock.c.obj)
                              (--whole-archive)
zephyr/libzephyr.a(printk.c.obj)
                              (--whole-archive)
zephyr/libzephyr.a(sem.c.obj)
                              (--whole-archive)
zephyr/libzephyr.a(thread_entry.c.obj)
                              (--whole-archive)
zephyr/libzephyr.a(cbprintf_complete.c.obj)
                              (--whole-archive)
zephyr/libzephyr.a(assert.c.obj)
                              (--whole-archive)
zephyr/libzephyr.a(dec.c.obj)
                              (--whole-archive)
zephyr/libzephyr.a(hex.c.obj)
                              (--whole-archive)
zephyr/libzephyr.a(rb.c.obj)  (--whole-archive)
zephyr/libzephyr.a(set.c.obj)
                              (--whole-archive)
zephyr/libzephyr.a(timeutil.c.obj)
                              (--whole-archive)
zephyr/libzephyr.a(bitarray.c.obj)
                              (--whole-archive)
zephyr/libzephyr.a(bitmask.c.obj)
                              (--whole-archive)
zephyr/libzephyr.a(getopt.c.obj)
                              (--whole-archive)
zephyr/libzephyr.a(getopt_common.c.obj)
                              (--whole-archive)
zephyr/libzephyr.a(ring_buffer.c.obj)
                              (--whole-archive)
zephyr/libzephyr.a(last_section_id.c.obj)
                              (--whole-archive)
zephyr/libzephyr.a(configs.c.obj)
                              (--whole-archive)
zephyr/libzephyr.a(stm32cube_hal.c.obj)
                              (--whole-archive)
zephyr/libzephyr.a(soc_config.c.obj)
                              (--whole-archive)
zephyr/libzephyr.a(gpioport_mgr.c.obj)
                              (--whole-archive)
zephyr/libzephyr.a(stm32_cache.c.obj)
                              (--whole-archive)
zephyr/libzephyr.a(stm32_backup_domain.c.obj)
                              (--whole-archive)
zephyr/libzephyr.a(soc_m7.c.obj)
                              (--whole-archive)
zephyr/libzephyr.a(mpu_regions.c.obj)
                              (--whole-archive)
zephyr/libzephyr.a(mem_attr.c.obj)
                              (--whole-archive)
zephyr/libzephyr.a(tracing_none.c.obj)
                              (--whole-archive)
zephyr/libzephyr.a(kernel_shell.c.obj)
                              (--whole-archive)
zephyr/libzephyr.a(cycles.c.obj)
                              (--whole-archive)
zephyr/libzephyr.a(sleep.c.obj)
                              (--whole-archive)
zephyr/libzephyr.a(uptime.c.obj)
                              (--whole-archive)
zephyr/libzephyr.a(version.c.obj)
                              (--whole-archive)
zephyr/libzephyr.a(thread.c.obj)
                              (--whole-archive)
zephyr/libzephyr.a(list.c.obj)
                              (--whole-archive)
zephyr/libzephyr.a(stacks.c.obj)
                              (--whole-archive)
zephyr/libzephyr.a(suspend.c.obj)
                              (--whole-archive)
zephyr/libzephyr.a(resume.c.obj)
                              (--whole-archive)
zephyr/libzephyr.a(kill.c.obj)
                              (--whole-archive)
zephyr/libzephyr.a(device_service.c.obj)
                              (--whole-archive)
zephyr/libzephyr.a(date_service.c.obj)
                              (--whole-archive)
zephyr/libzephyr.a(devmem_service.c.obj)
                              (--whole-archive)
zephyr/libzephyr.a(shell_uart.c.obj)
                              (--whole-archive)
zephyr/libzephyr.a(shell.c.obj)
                              (--whole-archive)
zephyr/libzephyr.a(shell_fprintf.c.obj)
                              (--whole-archive)
zephyr/libzephyr.a(shell_utils.c.obj)
                              (--whole-archive)
zephyr/libzephyr.a(shell_ops.c.obj)
                              (--whole-archive)
zephyr/libzephyr.a(shell_help.c.obj)
                              (--whole-archive)
zephyr/libzephyr.a(shell_cmds.c.obj)
                              (--whole-archive)
zephyr/libzephyr.a(shell_history.c.obj)
                              (--whole-archive)
zephyr/libzephyr.a(shell_wildcard.c.obj)
                              (--whole-archive)
zephyr/arch/common/libarch__common.a(sw_isr_common.c.obj)
                              (--whole-archive)
zephyr/arch/common/libarch__common.a(init.c.obj)
                              (--whole-archive)
zephyr/arch/common/libarch__common.a(xip.c.obj)
                              (--whole-archive)
zephyr/arch/arch/arm/core/libarch__arm__core.a(fatal.c.obj)
[...]
Memory Configuration

Name             Origin             Length             Attributes
FLASH            0x08000000         0x00200000         xr
RAM              0x24000000         0x00040000         xw
ITCM             0x00000000         0x00010000         rw
DTCM             0x20000000         0x00020000         rw
EXTMEM           0x90000000         0x10000000         rw
SRAM0            0x24000000         0x00040000         rw
SRAM1            0x24040000         0x00060000         rw
SRAM2            0x240a0000         0x00060000         rw
SRAM3            0x30000000         0x00010000         rw
SRAM4            0x30010000         0x00010000         rw
SRAM5            0x38000000         0x00008000         rw
EXTMEM2          0x70000000         0x10000000         rw
IDT_LIST         0xffff7fff         0x00008000         xw
*default*        0x00000000         0xffffffff

Linker script and memory map

                0x08008f88                        vfprintf = __l_vfprintf
                0x00000000                        vfscanf = __l_vfscanf
LOAD zephyr/CMakeFiles/zephyr_pre0.dir/misc/empty_file.c.obj
LOAD zephyr/CMakeFiles/offsets.dir/./arch/arm/core/offsets/offsets.c.obj
LOAD app/libapp.a
LOAD zephyr/libzephyr.a
LOAD zephyr/arch/common/libarch__common.a
LOAD zephyr/arch/arch/arm/core/libarch__arm__core.a
LOAD zephyr/arch/arch/arm/core/cortex_m/libarch__arm__core__cortex_m.a
LOAD zephyr/arch/arch/arm/core/mpu/libarch__arm__core__mpu.a
LOAD zephyr/lib/libc/picolibc/liblib__libc__picolibc.a
LOAD zephyr/lib/libc/common/liblib__libc__common.a
LOAD zephyr/lib/posix/c_lib_ext/liblib__posix__c_lib_ext.a
LOAD zephyr/drivers/interrupt_controller/libdrivers__interrupt_controller.a
LOAD zephyr/drivers/clock_control/libdrivers__clock_control.a
LOAD zephyr/drivers/console/libdrivers__console.a
LOAD zephyr/drivers/gpio/libdrivers__gpio.a
LOAD zephyr/drivers/pinctrl/libdrivers__pinctrl.a
LOAD zephyr/drivers/reset/libdrivers__reset.a
LOAD zephyr/drivers/serial/libdrivers__serial.a
LOAD zephyr/drivers/timer/libdrivers__timer.a
LOAD modules/hal_stm32/stm32cube/lib..__modules__hal__stm32__stm32cube.a
LOAD zephyr/kernel/libkernel.a
LOAD zephyr/arch/common/libisr_tables.a
LOAD /Users/denislavtrifonov/zephyr-sdk-1.0.1/gnu/arm-zephyr-eabi/bin/../lib/gcc/arm-zephyr-eabi/14.3.0/../../../../arm-zephyr-eabi/lib/thumb/v7e-m/nofp/space/libc.a
LOAD /Users/denislavtrifonov/zephyr-sdk-1.0.1/gnu/arm-zephyr-eabi/bin/../lib/gcc/arm-zephyr-eabi/14.3.0/thumb/v7e-m/nofp/space/libgcc.a
                0x00000020                        _region_min_align = 0x20

.rel.plt        0x08000000        0x0
 *(SORT_BY_ALIGNMENT(.rel.plt))
                [!provide]                        PROVIDE (__rel_iplt_start = .)
 *(SORT_BY_ALIGNMENT(.rel.iplt))
 .rel.iplt      0x08000000        0x0 app/libapp.a(main.c.obj)
                [!provide]                        PROVIDE (__rel_iplt_end = .)

.rela.plt       0x00000000        0x0
 *(SORT_BY_ALIGNMENT(.rela.plt))
                [!provide]                        PROVIDE (__rela_iplt_start = .)
 *(SORT_BY_ALIGNMENT(.rela.iplt))
                [!provide]                        PROVIDE (__rela_iplt_end = .)

.rel.dyn
 *(SORT_BY_ALIGNMENT(.rel.*))

.rela.dyn
 *(SORT_BY_ALIGNMENT(.rela.*))

/DISCARD/
 *(SORT_BY_ALIGNMENT(.plt))

/DISCARD/
 *(SORT_BY_ALIGNMENT(.iplt))
                0x08000000                        __rom_region_start = 0x8000000

rom_start       0x08000000       0xe4
                0x08000000                        __rom_start_address = .
 FILL mask 0x00
                0x08000000                        . = (. + (0x0 - (. - __rom_start_address)))
                0x08000000                        . = ALIGN (0x4)
                0x08000000                        . = ALIGN (0x80)
                0x08000000                        . = ALIGN (0x100)
                0x08000000                        _vector_start = .
 *(SORT_BY_ALIGNMENT(.exc_vector_table))
 *(SORT_BY_ALIGNMENT(.exc_vector_table.*))
 .exc_vector_table._vector_table_section
                0x08000000       0x40 zephyr/arch/arch/arm/core/cortex_m/libarch__arm__core__cortex_m.a(vector_table.S.obj)
                0x08000000                _vector_table
 *(SORT_BY_ALIGNMENT(.vectors))
                0x080000e4                        _vector_end = .
                0x08000040                        . = ALIGN (0x4)
 *(SORT_BY_ALIGNMENT(.gnu.linkonce.irq_vector_table*))
 .gnu.linkonce.irq_vector_table
                0x08000040       0xa4 zephyr/arch/common/libisr_tables.a(isr_tables.c.obj)
                0x08000040                _irq_vector_table
                0x080000e4                        _vector_end = .

text            0x080000e8     0xb388
                0x080000e8                        __text_region_start = .
 *(SORT_BY_ALIGNMENT(.text))
 .text          0x080000e8       0xa0 /Users/denislavtrifonov/zephyr-sdk-1.0.1/gnu/arm-zephyr-eabi/bin/../lib/gcc/arm-zephyr-eabi/14.3.0/thumb/v7e-m/nofp/space/libgcc.a(_aeabi_ldivmod.o)
                0x080000e8                __aeabi_ldivmod
 .text          0x08000188       0x30 /Users/denislavtrifonov/zephyr-sdk-1.0.1/gnu/arm-zephyr-eabi/bin/../lib/gcc/arm-zephyr-eabi/14.3.0/thumb/v7e-m/nofp/space/libgcc.a(_aeabi_uldivmod.o)
                0x08000188                __aeabi_uldivmod
 .text          0x080001b8        0x4 /Users/denislavtrifonov/zephyr-sdk-1.0.1/gnu/arm-zephyr-eabi/bin/../lib/gcc/arm-zephyr-eabi/14.3.0/thumb/v7e-m/nofp/space/libgcc.a(_dvmd_tls.o)
                0x080001b8                __aeabi_ldiv0
                0x080001b8                __aeabi_idiv0
 .text          0x080001bc       0x14 /Users/denislavtrifonov/zephyr-sdk-1.0.1/gnu/arm-zephyr-eabi/bin/../lib/gcc/arm-zephyr-eabi/14.3.0/../../../../arm-zephyr-eabi/lib/thumb/v7e-m/nofp/space/libc.a(strcmp.S.o)
                0x080001bc                strcmp
 .text          0x080001d0       0x10 /Users/denislavtrifonov/zephyr-sdk-1.0.1/gnu/arm-zephyr-eabi/bin/../lib/gcc/arm-zephyr-eabi/14.3.0/../../../../arm-zephyr-eabi/lib/thumb/v7e-m/nofp/space/libc.a(strcpy.S.o)
                0x080001d0                strcpy
 .text          0x080001e0       0x10 /Users/denislavtrifonov/zephyr-sdk-1.0.1/gnu/arm-zephyr-eabi/bin/../lib/gcc/arm-zephyr-eabi/14.3.0/../../../../arm-zephyr-eabi/lib/thumb/v7e-m/nofp/space/libc.a(strlen.S.o)
                0x080001e0                strlen
 .text          0x080001f0      0x2bc /Users/denislavtrifonov/zephyr-sdk-1.0.1/gnu/arm-zephyr-eabi/bin/../lib/gcc/arm-zephyr-eabi/14.3.0/thumb/v7e-m/nofp/space/libgcc.a(_udivmoddi4.o)
                0x080001f0                __udivmoddi4
 *(SORT_BY_ALIGNMENT(.text.*))
 *fill*         0x080004ac        0x4 
 .text.cmd_kernel_uptime
                0x080004b0       0xe0 zephyr/libzephyr.a(uptime.c.obj)
 .text.z_impl_gpio_pin_configure
                0x08000590      0x168 app/libapp.a(main.c.obj)
 .text.gpio_pin_toggle.isra.0
                0x080006f8       0x48 app/libapp.a(main.c.obj)
 .text.main     0x08000740       0x80 app/libapp.a(main.c.obj)
                0x08000740                main
 .text.sys_heap_init
                0x080007c0      0x124 zephyr/libzephyr.a(heap.c.obj)
                0x080007c0                sys_heap_init
 .text.timespec_is_valid
                0x080008e4       0x3c zephyr/libzephyr.a(clock.c.obj)
 .text.timespec_add
                0x08000920       0xb4 zephyr/libzephyr.a(clock.c.obj)
 .text.z_impl_sys_clock_getrtoffset
                0x080009d4       0xcc zephyr/libzephyr.a(clock.c.obj)
                0x080009d4                z_impl_sys_clock_getrtoffset
 .text.sys_clock_gettime
                0x08000aa0       0x94 zephyr/libzephyr.a(clock.c.obj)
                0x08000aa0                sys_clock_gettime
 .text.z_impl_sys_clock_settime
                0x08000b34       0xdc zephyr/libzephyr.a(clock.c.obj)
                0x08000b34                z_impl_sys_clock_settime
 .text.char_out
                0x08000c10        0xc zephyr/libzephyr.a(printk.c.obj)
 .text.__printk_hook_install
                0x08000c1c        0xc zephyr/libzephyr.a(printk.c.obj)
                0x08000c1c                __printk_hook_install
 .text.vprintk  0x08000c28       0x30 zephyr/libzephyr.a(printk.c.obj)
                0x08000c28                vprintk
 .text.z_thread_entry
                0x08000c58       0x6c zephyr/libzephyr.a(thread_entry.c.obj)
                0x08000c58                z_thread_entry
 .text.timeutil_timegm64
                0x08000cc4       0xec zephyr/libzephyr.a(timeutil.c.obj)
                0x08000cc4                timeutil_timegm64
 .text.timeutil_timegm
                0x08000db0       0x20 zephyr/libzephyr.a(timeutil.c.obj)
                0x08000db0                timeutil_timegm
 .text.timespec_normalize
                0x08000dd0       0xc0 zephyr/libzephyr.a(timeutil.c.obj)
                0x08000dd0                timespec_normalize
 .text.sys_getopt_init
                0x08000e90       0x48 zephyr/libzephyr.a(getopt.c.obj)
                0x08000e90                sys_getopt_init
 .text.sys_getopt
                0x08000ed8       0xf4 zephyr/libzephyr.a(getopt.c.obj)
                0x08000ed8                sys_getopt
 .text.z_getopt_global_state_update
                0x08000fcc       0x38 zephyr/libzephyr.a(getopt_common.c.obj)
                0x08000fcc                z_getopt_global_state_update
 .text.sys_getopt_state_get
                0x08001004        0x8 zephyr/libzephyr.a(getopt_common.c.obj)
                0x08001004                sys_getopt_state_get
 .text.ring_buf_put
                0x0800100c       0x64 zephyr/libzephyr.a(ring_buffer.c.obj)
                0x0800100c                ring_buf_put
 .text.ring_buf_get
                0x08001070       0x68 zephyr/libzephyr.a(ring_buffer.c.obj)
                0x08001070                ring_buf_get
 .text.st_stm32_common_config
                0x080010d8       0x1c zephyr/libzephyr.a(soc_config.c.obj)
 .text.stm32_gpioport_init
                0x080010f4       0x20 zephyr/libzephyr.a(gpioport_mgr.c.obj)
 .text.stm32_gpioport_get
                0x08001114       0x24 zephyr/libzephyr.a(gpioport_mgr.c.obj)
                0x08001114                stm32_gpioport_get
 .text.soc_early_init_hook
                0x08001138       0x50 zephyr/libzephyr.a(soc_m7.c.obj)
                0x08001138                soc_early_init_hook
 .text.mem_attr_get_regions
                0x08001188        0xc zephyr/libzephyr.a(mem_attr.c.obj)
                0x08001188                mem_attr_get_regions
 .text.cmd_kernel_cycles
                0x08001194       0x1c zephyr/libzephyr.a(cycles.c.obj)
 .text.cmd_kernel_sleep
                0x080011b0       0x40 zephyr/libzephyr.a(sleep.c.obj)
 .text.cmd_kernel_version
                0x080011f0       0x18 zephyr/libzephyr.a(version.c.obj)
 .text.z_thread_is_valid
                0x08001208       0x20 zephyr/libzephyr.a(thread.c.obj)
                0x08001208                z_thread_is_valid
 .text.cmd_kernel_thread_list
                0x08001228       0x40 zephyr/libzephyr.a(list.c.obj)
 .text.shell_tdata_dump
                0x08001268       0xf8 zephyr/libzephyr.a(list.c.obj)
 .text.cmd_kernel_thread_stacks
                0x08001360       0x94 zephyr/libzephyr.a(stacks.c.obj)
 .text.shell_stack_dump
                0x080013f4       0x60 zephyr/libzephyr.a(stacks.c.obj)
 .text.cmd_kernel_thread_suspend
                0x08001454       0x9c zephyr/libzephyr.a(suspend.c.obj)
 .text.cmd_kernel_thread_resume
                0x080014f0       0x9c zephyr/libzephyr.a(resume.c.obj)
 .text.cmd_kernel_thread_kill
                0x0800158c       0x9c zephyr/libzephyr.a(kill.c.obj)
 .text.device_name_lookup
                0x08001628       0x20 zephyr/libzephyr.a(device_service.c.obj)
 .text.device_name_get_non_ready
                0x08001648       0x20 zephyr/libzephyr.a(device_service.c.obj)
 .text.cmd_device_init
                0x08001668       0x64 zephyr/libzephyr.a(device_service.c.obj)
 .text.cmd_device_list
                0x080016cc       0xf0 zephyr/libzephyr.a(device_service.c.obj)
 .text.get_h_m_s
                0x080017bc       0x98 zephyr/libzephyr.a(date_service.c.obj)
 .text.cmd_date_set
                0x08001854      0x128 zephyr/libzephyr.a(date_service.c.obj)
 .text.cmd_date_get
                0x0800197c       0x44 zephyr/libzephyr.a(date_service.c.obj)
 .text.cmd_devmem
                0x080019c0       0xb8 zephyr/libzephyr.a(devmem_service.c.obj)
 .text.cmd_dump
                0x08001a78      0x184 zephyr/libzephyr.a(devmem_service.c.obj)
 .text.set_bypass.isra.0
                0x08001bfc       0x48 zephyr/libzephyr.a(devmem_service.c.obj)
 .text.bypass_cb
                0x08001c44      0x118 zephyr/libzephyr.a(devmem_service.c.obj)
 .text.cmd_load
                0x08001d5c       0xc8 zephyr/libzephyr.a(devmem_service.c.obj)
 .text.enable_shell_uart
                0x08001e24       0x30 zephyr/libzephyr.a(shell_uart.c.obj)
 .text.init     0x08001e54       0x54 zephyr/libzephyr.a(shell_uart.c.obj)
 .text.uart_callback
                0x08001ea8      0x144 zephyr/libzephyr.a(shell_uart.c.obj)
 .text.shell_internal_help_print
                0x08001fec       0x20 zephyr/libzephyr.a(shell.c.obj)
 .text.k_current_get
                0x0800200c       0x48 zephyr/libzephyr.a(shell.c.obj)
 .text.kill_handler
                0x08002054       0x88 zephyr/libzephyr.a(shell.c.obj)
 .text.z_cursor_next_line_move.isra.0
                0x080020dc        0xc zephyr/libzephyr.a(shell.c.obj)
 .text.execute  0x080020e8      0x2b8 zephyr/libzephyr.a(shell.c.obj)
 .text.history_handle
                0x080023a0       0xb0 zephyr/libzephyr.a(shell.c.obj)
 .text.state_set.constprop.0
                0x08002450       0x4c zephyr/libzephyr.a(shell.c.obj)
 .text.state_collect
                0x0800249c      0x71c zephyr/libzephyr.a(shell.c.obj)
 .text.shell_process
                0x08002bb8       0x74 zephyr/libzephyr.a(shell.c.obj)
                0x08002bb8                shell_process
 .text.shell_start
                0x08002c2c       0x90 zephyr/libzephyr.a(shell.c.obj)
                0x08002c2c                shell_start
 .text.shell_thread
                0x08002cbc       0x8c zephyr/libzephyr.a(shell.c.obj)
                0x08002cbc                shell_thread
 .text.shell_vfprintf
                0x08002d48      0x154 zephyr/libzephyr.a(shell.c.obj)
                0x08002d48                shell_vfprintf
 .text.cmd_help
                0x08002e9c       0x44 zephyr/libzephyr.a(shell.c.obj)
 .text.shell_hexdump_line
                0x08002ee0       0xcc zephyr/libzephyr.a(shell.c.obj)
                0x08002ee0                shell_hexdump_line
 .text.shell_prompt_change
                0x08002fac       0x74 zephyr/libzephyr.a(shell.c.obj)
                0x08002fac                shell_prompt_change
 .text.shell_init
                0x08003020      0x130 zephyr/libzephyr.a(shell.c.obj)
                0x08003020                shell_init
 .text.shell_set_bypass
                0x08003150       0x3c zephyr/libzephyr.a(shell.c.obj)
                0x08003150                shell_set_bypass
 .text.z_shell_fprintf_fmt
                0x0800318c       0x28 zephyr/libzephyr.a(shell_fprintf.c.obj)
                0x0800318c                z_shell_fprintf_fmt
 .text.z_shell_cmd_get
                0x080031b4       0x9c zephyr/libzephyr.a(shell_utils.c.obj)
                0x080031b4                z_shell_cmd_get
 .text.shell_strtoul
                0x08003250       0x50 zephyr/libzephyr.a(shell_utils.c.obj)
                0x08003250                shell_strtoul
 .text.z_clear_eos
                0x080032a0       0x18 zephyr/libzephyr.a(shell_ops.c.obj)
 .text.z_cursor_next_line_move.isra.0
                0x080032b8        0xc zephyr/libzephyr.a(shell_ops.c.obj)
 .text.z_shell_op_cursor_vert_move
                0x080032c4       0x2c zephyr/libzephyr.a(shell_ops.c.obj)
                0x080032c4                z_shell_op_cursor_vert_move
 .text.z_shell_op_cursor_horiz_move
                0x080032f0       0x2c zephyr/libzephyr.a(shell_ops.c.obj)
                0x080032f0                z_shell_op_cursor_horiz_move
 .text.z_shell_print_cmd
                0x0800331c       0x78 zephyr/libzephyr.a(shell_ops.c.obj)
                0x0800331c                z_shell_print_cmd
 .text.z_shell_write
                0x08003394       0xec zephyr/libzephyr.a(shell_ops.c.obj)
                0x08003394                z_shell_write
 .text.z_shell_vt100_color_set
                0x08003480       0x40 zephyr/libzephyr.a(shell_ops.c.obj)
                0x08003480                z_shell_vt100_color_set
 .text.z_shell_vt100_colors_restore
                0x080034c0       0x3c zephyr/libzephyr.a(shell_ops.c.obj)
                0x080034c0                z_shell_vt100_colors_restore
 .text.z_shell_fprintf
                0x080034fc       0xcc zephyr/libzephyr.a(shell_ops.c.obj)
                0x080034fc                z_shell_fprintf
 .text.z_shell_op_word_remove
                0x080035c8       0xc8 zephyr/libzephyr.a(shell_ops.c.obj)
                0x080035c8                z_shell_op_word_remove
 .text.reprint_from_cursor
                0x08003690       0xdc zephyr/libzephyr.a(shell_ops.c.obj)
 .text.z_shell_op_char_insert
                0x0800376c       0x70 zephyr/libzephyr.a(shell_ops.c.obj)
                0x0800376c                z_shell_op_char_insert
 .text.z_shell_print_prompt_and_cmd
                0x080037dc       0x34 zephyr/libzephyr.a(shell_ops.c.obj)
                0x080037dc                z_shell_print_prompt_and_cmd
 .text.z_shell_backend_rx_buffer_flush
                0x08003810       0x50 zephyr/libzephyr.a(shell_ops.c.obj)
                0x08003810                z_shell_backend_rx_buffer_flush
 .text.z_cursor_next_line_move.isra.0
                0x08003860        0xc zephyr/libzephyr.a(shell_help.c.obj)
 .text.formatted_structured_help_print
                0x0800386c       0x44 zephyr/libzephyr.a(shell_help.c.obj)
 .text.z_shell_help_subcmd_print
                0x080038b0       0xc0 zephyr/libzephyr.a(shell_help.c.obj)
                0x080038b0                z_shell_help_subcmd_print
 .text.z_shell_help_cmd_print
                0x08003970       0x60 zephyr/libzephyr.a(shell_help.c.obj)
                0x08003970                z_shell_help_cmd_print
 .text.z_shell_help_request
                0x080039d0       0x28 zephyr/libzephyr.a(shell_help.c.obj)
                0x080039d0                z_shell_help_request
 .text.cmd_resize_default
                0x080039f8       0x2c zephyr/libzephyr.a(shell_cmds.c.obj)
 .text.cmd_shell_stats_show
                0x08003a24       0x14 zephyr/libzephyr.a(shell_cmds.c.obj)
 .text.cmd_prompt_off
                0x08003a38       0x10 zephyr/libzephyr.a(shell_cmds.c.obj)
 .text.cmd_history
                0x08003a48       0x40 zephyr/libzephyr.a(shell_cmds.c.obj)
 .text.cmd_get_retval
                0x08003a88       0x1c zephyr/libzephyr.a(shell_cmds.c.obj)
 .text.cmd_echo
                0x08003aa4       0x50 zephyr/libzephyr.a(shell_cmds.c.obj)
 .text.cmd_backends
                0x08003af4       0x74 zephyr/libzephyr.a(shell_cmds.c.obj)
 .text.cmd_clear
                0x08003b68       0x34 zephyr/libzephyr.a(shell_cmds.c.obj)
 .text.cmd_resize
                0x08003b9c      0x198 zephyr/libzephyr.a(shell_cmds.c.obj)
 .text.z_shell_wildcard_process
                0x08003d34       0xe4 zephyr/libzephyr.a(shell_wildcard.c.obj)
                0x08003d34                z_shell_wildcard_process
 .text.arch_bss_zero
                0x08003e18       0x18 zephyr/arch/common/libarch__common.a(init.c.obj)
                0x08003e18                arch_bss_zero
 .text.arch_data_copy
                0x08003e30       0x38 zephyr/arch/common/libarch__common.a(xip.c.obj)
                0x08003e30                arch_data_copy
 .text.z_arm_fatal_error
                0x08003e68       0x60 zephyr/arch/arch/arm/core/libarch__arm__core.a(fatal.c.obj)
                0x08003e68                z_arm_fatal_error
 .text.z_SysNmiOnReset
                0x08003ec8        0x8 zephyr/arch/arch/arm/core/libarch__arm__core.a(nmi_on_reset.S.obj)
                0x08003ec8                z_SysNmiOnReset
 .text.arch_tls_stack_setup
                0x08003ed0       0x40 zephyr/arch/arch/arm/core/libarch__arm__core.a(tls.c.obj)
                0x08003ed0                arch_tls_stack_setup
 .text.mem_manage_fault
                0x08003f10      0x124 zephyr/arch/arch/arm/core/cortex_m/libarch__arm__core__cortex_m.a(fault.c.obj)
 .text.usage_fault.isra.0
                0x08004034       0x98 zephyr/arch/arch/arm/core/cortex_m/libarch__arm__core__cortex_m.a(fault.c.obj)
 .text.bus_fault.isra.0
                0x080040cc       0xb8 zephyr/arch/arch/arm/core/cortex_m/libarch__arm__core__cortex_m.a(fault.c.obj)
 .text.z_arm_fault
                0x08004184      0x210 zephyr/arch/arch/arm/core/cortex_m/libarch__arm__core__cortex_m.a(fault.c.obj)
                0x08004184                z_arm_fault
 .text.z_arm_fault_init
                0x08004394       0x18 zephyr/arch/arch/arm/core/cortex_m/libarch__arm__core__cortex_m.a(fault.c.obj)
                0x08004394                z_arm_fault_init
 .text.__fault  0x080043ac       0x14 zephyr/arch/arch/arm/core/cortex_m/libarch__arm__core__cortex_m.a(fault_s.S.obj)
                0x080043ac                z_arm_bus_fault
                0x080043ac                z_arm_usage_fault
                0x080043ac                z_arm_mpu_fault
                0x080043ac                z_arm_exc_spurious
                0x080043ac                z_arm_debug_monitor
                0x080043ac                z_arm_hard_fault
 .text._reset_section
                0x080043c0       0x48 zephyr/arch/arch/arm/core/cortex_m/libarch__arm__core__cortex_m.a(reset.S.obj)
                0x080043c0                z_arm_reset
                0x080043c0                __start
 .text.z_arm_svc
                0x08004408       0x24 zephyr/arch/arch/arm/core/cortex_m/libarch__arm__core__cortex_m.a(svc.S.obj)
                0x08004408                z_arm_svc
 .text.arm_irq_enable
                0x0800442c       0x1c zephyr/arch/arch/arm/core/cortex_m/libarch__arm__core__cortex_m.a(irq_manage.c.obj)
                0x0800442c                arm_irq_enable
 .text.arm_irq_priority_set
                0x08004448       0x64 zephyr/arch/arch/arm/core/cortex_m/libarch__arm__core__cortex_m.a(irq_manage.c.obj)
                0x08004448                arm_irq_priority_set
 .text.relocate_vector_table
                0x080044ac       0x1c zephyr/arch/arch/arm/core/cortex_m/libarch__arm__core__cortex_m.a(prep_c.c.obj)
                0x080044ac                relocate_vector_table
 .text.z_prep_c
                0x080044c8       0x3c zephyr/arch/arch/arm/core/cortex_m/libarch__arm__core__cortex_m.a(prep_c.c.obj)
                0x080044c8                z_prep_c
 .text.arch_new_thread
                0x08004504       0x30 zephyr/arch/arch/arm/core/cortex_m/libarch__arm__core__cortex_m.a(thread.c.obj)
                0x08004504                arch_new_thread
 .text.z_check_thread_stack_fail
                0x08004534       0x30 zephyr/arch/arch/arm/core/cortex_m/libarch__arm__core__cortex_m.a(thread.c.obj)
                0x08004534                z_check_thread_stack_fail
 .text.arch_switch_to_main_thread
                0x08004564       0x40 zephyr/arch/arch/arm/core/cortex_m/libarch__arm__core__cortex_m.a(thread.c.obj)
                0x08004564                arch_switch_to_main_thread
 .text.z_arm_cpu_idle_init
                0x080045a4        0xc zephyr/arch/arch/arm/core/cortex_m/libarch__arm__core__cortex_m.a(cpu_idle.c.obj)
                0x080045a4                z_arm_cpu_idle_init
 .text._HandlerModeExit
                0x080045b0       0x20 zephyr/arch/arch/arm/core/cortex_m/libarch__arm__core__cortex_m.a(exc_exit.c.obj)
                0x080045b0                z_arm_exc_exit
                0x080045b0                z_arm_int_exit
 .text.z_impl_k_thread_abort
                0x080045d0       0x2c zephyr/arch/arch/arm/core/cortex_m/libarch__arm__core__cortex_m.a(thread_abort.c.obj)
                0x080045d0                z_impl_k_thread_abort
 .text.z_arm_pendsv
                0x080045fc       0x64 zephyr/arch/arch/arm/core/cortex_m/libarch__arm__core__cortex_m.a(swap_helper.S.obj)
                0x080045fc                z_arm_pendsv
 .text.z_arm_interrupt_init
                0x08004660       0x18 zephyr/arch/arch/arm/core/cortex_m/libarch__arm__core__cortex_m.a(irq_init.c.obj)
                0x08004660                z_arm_interrupt_init
 .text._isr_wrapper
                0x08004678       0x24 zephyr/arch/arch/arm/core/cortex_m/libarch__arm__core__cortex_m.a(isr_wrapper.c.obj)
                0x08004678                _isr_wrapper
 .text.__aeabi_read_tp
                0x0800469c        0xc zephyr/arch/arch/arm/core/cortex_m/libarch__arm__core__cortex_m.a(__aeabi_read_tp.S.obj)
                0x0800469c                __aeabi_read_tp
 .text.arch_dcache_enable
                0x080046a8       0x5c zephyr/arch/arch/arm/core/cortex_m/libarch__arm__core__cortex_m.a(cache.c.obj)
                0x080046a8                arch_dcache_enable
 .text.arch_icache_enable
                0x08004704       0x34 zephyr/arch/arch/arm/core/cortex_m/libarch__arm__core__cortex_m.a(cache.c.obj)
                0x08004704                arch_icache_enable
 .text.z_arm_configure_static_mpu_regions
                0x08004738       0x18 zephyr/arch/arch/arm/core/mpu/libarch__arm__core__mpu.a(arm_core_mpu.c.obj)
                0x08004738                z_arm_configure_static_mpu_regions
 .text.z_arm_configure_dynamic_mpu_regions
                0x08004750       0x24 zephyr/arch/arch/arm/core/mpu/libarch__arm__core__mpu.a(arm_core_mpu.c.obj)
                0x08004750                z_arm_configure_dynamic_mpu_regions
 .text.region_init
                0x08004774       0x28 zephyr/arch/arch/arm/core/mpu/libarch__arm__core__mpu.a(arm_mpu.c.obj)
 .text.mpu_configure_regions
                0x0800479c       0x6c zephyr/arch/arch/arm/core/mpu/libarch__arm__core__mpu.a(arm_mpu.c.obj)
 .text.arm_core_mpu_enable
                0x08004808       0x18 zephyr/arch/arch/arm/core/mpu/libarch__arm__core__mpu.a(arm_mpu.c.obj)
                0x08004808                arm_core_mpu_enable
 .text.arm_core_mpu_disable
                0x08004820       0x14 zephyr/arch/arch/arm/core/mpu/libarch__arm__core__mpu.a(arm_mpu.c.obj)
                0x08004820                arm_core_mpu_disable
 .text.arm_core_mpu_configure_static_mpu_regions
                0x08004834       0x4c zephyr/arch/arch/arm/core/mpu/libarch__arm__core__mpu.a(arm_mpu.c.obj)
                0x08004834                arm_core_mpu_configure_static_mpu_regions
 .text.arm_core_mpu_configure_dynamic_mpu_regions
                0x08004880       0x6c zephyr/arch/arch/arm/core/mpu/libarch__arm__core__mpu.a(arm_mpu.c.obj)
                0x08004880                arm_core_mpu_configure_dynamic_mpu_regions
 .text.z_arm_mpu_init
                0x080048ec      0x208 zephyr/arch/arch/arm/core/mpu/libarch__arm__core__mpu.a(arm_mpu.c.obj)
                0x080048ec                z_arm_mpu_init
 .text.cbvprintf
                0x08004af4       0x38 zephyr/lib/libc/picolibc/liblib__libc__picolibc.a(cbprintf.c.obj)
                0x08004af4                cbvprintf
 .text.z_impl_zephyr_fputc
                0x08004b2c       0x10 zephyr/lib/libc/picolibc/liblib__libc__picolibc.a(stdio.c.obj)
                0x08004b2c                z_impl_zephyr_fputc
 .text.__stdout_hook_install
                0x08004b3c       0x18 zephyr/lib/libc/picolibc/liblib__libc__picolibc.a(stdio.c.obj)
                0x08004b3c                __stdout_hook_install
 .text.malloc_prepare
                0x08004b54       0x24 zephyr/lib/libc/common/liblib__libc__common.a(malloc.c.obj)
 .text.fnmatchx
                0x08004b78      0x4e8 zephyr/lib/posix/c_lib_ext/liblib__posix__c_lib_ext.a(fnmatch.c.obj)
 .text.z_getopt_global_state_update_shim
                0x08005060       0x2c zephyr/lib/posix/c_lib_ext/liblib__posix__c_lib_ext.a(getopt_shim.c.obj)
                0x08005060                z_getopt_global_state_update_shim
 .text.stm32_exti_init
                0x0800508c       0x2c zephyr/drivers/interrupt_controller/libdrivers__interrupt_controller.a(intc_exti_stm32.c.obj)
 .text.stm32_fill_irq_table
                0x080050b8       0x18 zephyr/drivers/interrupt_controller/libdrivers__interrupt_controller.a(intc_gpio_stm32.c.obj)
 .text.stm32_intc_gpio_isr
                0x080050d0       0x4c zephyr/drivers/interrupt_controller/libdrivers__interrupt_controller.a(intc_gpio_stm32.c.obj)
 .text.ll_exti_line_to_linenum
                0x0800511c       0x58 zephyr/drivers/interrupt_controller/libdrivers__interrupt_controller.a(intc_gpio_stm32.c.obj)
 .text.stm32_gpio_intc_enable_line
                0x08005174       0x4c zephyr/drivers/interrupt_controller/libdrivers__interrupt_controller.a(intc_gpio_stm32.c.obj)
                0x08005174                stm32_gpio_intc_enable_line
 .text.stm32_gpio_intc_select_line_trigger
                0x080051c0       0x6c zephyr/drivers/interrupt_controller/libdrivers__interrupt_controller.a(intc_gpio_stm32.c.obj)
                0x080051c0                stm32_gpio_intc_select_line_trigger
 .text.stm32_gpio_intc_set_irq_callback
                0x0800522c       0x38 zephyr/drivers/interrupt_controller/libdrivers__interrupt_controller.a(intc_gpio_stm32.c.obj)
                0x0800522c                stm32_gpio_intc_set_irq_callback
 .text.stm32_gpio_intc_remove_irq_callback
                0x08005264       0x1c zephyr/drivers/interrupt_controller/libdrivers__interrupt_controller.a(intc_gpio_stm32.c.obj)
                0x08005264                stm32_gpio_intc_remove_irq_callback
 .text.stm32_exti_get_line_src_port
                0x08005280       0x38 zephyr/drivers/interrupt_controller/libdrivers__interrupt_controller.a(intc_gpio_stm32.c.obj)
                0x08005280                stm32_exti_get_line_src_port
 .text.stm32_clock_control_get_subsys_rate
                0x080052b8       0xdc zephyr/drivers/clock_control/libdrivers__clock_control.a(clock_stm32_ll_h7.c.obj)
 .text.stm32_clock_control_init
                0x08005394      0x1f8 zephyr/drivers/clock_control/libdrivers__clock_control.a(clock_stm32_ll_h7.c.obj)
                0x08005394                stm32_clock_control_init
 .text.enabled_clock
                0x0800558c       0x20 zephyr/drivers/clock_control/libdrivers__clock_control.a(clock_stm32_ll_h7.c.obj)
                0x0800558c                enabled_clock
 .text.uart_console_init
                0x080055ac       0x28 zephyr/drivers/console/libdrivers__console.a(uart_console.c.obj)
 .text.console_out
                0x080055d4       0x28 zephyr/drivers/console/libdrivers__console.a(uart_console.c.obj)
 .text.gpio_stm32_manage_callback
                0x080055fc       0xa4 zephyr/drivers/gpio/libdrivers__gpio.a(gpio_stm32.c.obj)
 .text.gpio_stm32_pin_interrupt_configure
                0x080056a0       0xac zephyr/drivers/gpio/libdrivers__gpio.a(gpio_stm32.c.obj)
 .text.gpio_stm32_isr
                0x0800574c       0x58 zephyr/drivers/gpio/libdrivers__gpio.a(gpio_stm32.c.obj)
 .text.uart_stm32_irq_err_enable
                0x080057a4       0x88 zephyr/drivers/serial/libdrivers__serial.a(uart_stm32.c.obj)
 .text.uart_stm32_irq_err_disable
                0x0800582c       0x88 zephyr/drivers/serial/libdrivers__serial.a(uart_stm32.c.obj)
 .text.uart_stm32_set_baudrate.isra.0
                0x080058b4       0x7c zephyr/drivers/serial/libdrivers__serial.a(uart_stm32.c.obj)
 .text.uart_stm32_parameters_set
                0x08005930      0x148 zephyr/drivers/serial/libdrivers__serial.a(uart_stm32.c.obj)
 .text.uart_stm32_init
                0x08005a78      0x190 zephyr/drivers/serial/libdrivers__serial.a(uart_stm32.c.obj)
 .text.uart_stm32_configure
                0x08005c08      0x138 zephyr/drivers/serial/libdrivers__serial.a(uart_stm32.c.obj)
 .text.elapsed  0x08005d40       0x44 zephyr/drivers/timer/libdrivers__timer.a(cortex_m_systick.c.obj)
 .text.sys_clock_driver_init
                0x08005d84       0x34 zephyr/drivers/timer/libdrivers__timer.a(cortex_m_systick.c.obj)
 .text.sys_clock_isr
                0x08005db8       0x68 zephyr/drivers/timer/libdrivers__timer.a(cortex_m_systick.c.obj)
                0x08005db8                sys_clock_isr
 .text.sys_clock_set_timeout
                0x08005e20      0x160 zephyr/drivers/timer/libdrivers__timer.a(cortex_m_systick.c.obj)
                0x08005e20                sys_clock_set_timeout
 .text.sys_clock_elapsed
                0x08005f80       0xa4 zephyr/drivers/timer/libdrivers__timer.a(cortex_m_systick.c.obj)
                0x08005f80                sys_clock_elapsed
 .text.sys_clock_cycle_get_32
                0x08006024       0x94 zephyr/drivers/timer/libdrivers__timer.a(cortex_m_systick.c.obj)
                0x08006024                sys_clock_cycle_get_32
 .text.LL_SetFlashLatency
                0x080060b8      0x174 modules/hal_stm32/stm32cube/lib..__modules__hal__stm32__stm32cube.a(stm32h7xx_ll_utils.c.obj)
                0x080060b8                LL_SetFlashLatency
 .text.do_device_init
                0x0800622c       0x60 zephyr/kernel/libkernel.a(device.c.obj)
                0x0800622c                do_device_init
 .text.z_device_get_all_static
                0x0800628c       0x14 zephyr/kernel/libkernel.a(device.c.obj)
                0x0800628c                z_device_get_all_static
 .text.z_fatal_error
                0x080062a0       0x60 zephyr/kernel/libkernel.a(fatal.c.obj)
                0x080062a0                z_fatal_error
 .text.z_sys_init_run_level
                0x08006300       0x30 zephyr/kernel/libkernel.a(init.c.obj)
 .text.bg_thread_main
                0x08006330      0x104 zephyr/kernel/libkernel.a(init.c.obj)
 .text.z_init_cpu
                0x08006434       0x78 zephyr/kernel/libkernel.a(init.c.obj)
                0x08006434                z_init_cpu
 .text.z_cstart
                0x080064ac      0x104 zephyr/kernel/libkernel.a(init.c.obj)
                0x080064ac                z_cstart
 .text.z_heap_alloc_helper
                0x080065b0      0x13c zephyr/kernel/libkernel.a(kheap.c.obj)
 .text.statics_init
                0x080066ec       0x50 zephyr/kernel/libkernel.a(kheap.c.obj)
 .text.k_heap_alloc
                0x0800673c       0x1c zephyr/kernel/libkernel.a(kheap.c.obj)
                0x0800673c                k_heap_alloc
 .text.k_heap_free
                0x08006758       0xa8 zephyr/kernel/libkernel.a(kheap.c.obj)
                0x08006758                k_heap_free
 .text.idle     0x08006800       0x48 zephyr/kernel/libkernel.a(idle.c.obj)
                0x08006800                idle
 .text.unpend_thread_no_timeout
                0x08006848       0x40 zephyr/kernel/libkernel.a(sem.c.obj)
 .text.z_impl_k_sem_give
                0x08006888       0xfc zephyr/kernel/libkernel.a(sem.c.obj)
                0x08006888                z_impl_k_sem_give
 .text.z_impl_k_sem_take
                0x08006984       0xf4 zephyr/kernel/libkernel.a(sem.c.obj)
                0x08006984                z_impl_k_sem_take
 .text.z_impl_k_thread_name_set
                0x08006a78       0x20 zephyr/kernel/libkernel.a(thread.c.obj)
                0x08006a78                z_impl_k_thread_name_set
 .text.k_thread_state_str
                0x08006a98       0x7c zephyr/kernel/libkernel.a(thread.c.obj)
                0x08006a98                k_thread_state_str
 .text.z_setup_new_thread
                0x08006b14      0x1a4 zephyr/kernel/libkernel.a(thread.c.obj)
                0x08006b14                z_setup_new_thread
 .text.z_impl_k_thread_create
                0x08006cb8       0x8c zephyr/kernel/libkernel.a(thread.c.obj)
                0x08006cb8                z_impl_k_thread_create
 .text.z_dummy_thread_init
                0x08006d44       0x20 zephyr/kernel/libkernel.a(thread.c.obj)
                0x08006d44                z_dummy_thread_init
 .text.ready_thread
                0x08006d64       0xd0 zephyr/kernel/libkernel.a(sched.c.obj)
 .text.unready_thread
                0x08006e34       0xbc zephyr/kernel/libkernel.a(sched.c.obj)
 .text.z_swap_irqlock
                0x08006ef0       0x6c zephyr/kernel/libkernel.a(sched.c.obj)
 .text.reschedule
                0x08006f5c       0x8c zephyr/kernel/libkernel.a(sched.c.obj)
 .text.unpend_thread_no_timeout
                0x08006fe8       0x38 zephyr/kernel/libkernel.a(sched.c.obj)
 .text.move_current_to_end_of_prio_q
                0x08007020       0x6c zephyr/kernel/libkernel.a(sched.c.obj)
                0x08007020                move_current_to_end_of_prio_q
 .text.z_ready_thread
                0x0800708c       0x8c zephyr/kernel/libkernel.a(sched.c.obj)
                0x0800708c                z_ready_thread
 .text.z_impl_k_thread_suspend
                0x08007118      0x204 zephyr/kernel/libkernel.a(sched.c.obj)
                0x08007118                z_impl_k_thread_suspend
 .text.z_impl_k_thread_resume
                0x0800731c       0xa4 zephyr/kernel/libkernel.a(sched.c.obj)
                0x0800731c                z_impl_k_thread_resume
 .text.z_thread_timeout
                0x080073c0       0x90 zephyr/kernel/libkernel.a(sched.c.obj)
                0x080073c0                z_thread_timeout
 .text.z_pend_curr
                0x08007450      0x10c zephyr/kernel/libkernel.a(sched.c.obj)
                0x08007450                z_pend_curr
 .text.z_unpend1_no_timeout
                0x0800755c       0x9c zephyr/kernel/libkernel.a(sched.c.obj)
                0x0800755c                z_unpend1_no_timeout
 .text.k_sched_lock
                0x080075f8       0xe4 zephyr/kernel/libkernel.a(sched.c.obj)
                0x080075f8                k_sched_lock
 .text.k_sched_unlock
                0x080076dc       0xe4 zephyr/kernel/libkernel.a(sched.c.obj)
                0x080076dc                k_sched_unlock
 .text.z_unpend_all
                0x080077c0       0x90 zephyr/kernel/libkernel.a(sched.c.obj)
                0x080077c0                z_unpend_all
 .text.z_sched_init
                0x08007850       0x10 zephyr/kernel/libkernel.a(sched.c.obj)
                0x08007850                z_sched_init
 .text.z_impl_k_yield
                0x08007860      0x11c zephyr/kernel/libkernel.a(sched.c.obj)
                0x08007860                z_impl_k_yield
 .text.z_tick_sleep
                0x0800797c      0x114 zephyr/kernel/libkernel.a(sched.c.obj)
 .text.z_impl_k_sleep
                0x08007a90       0x68 zephyr/kernel/libkernel.a(sched.c.obj)
                0x08007a90                z_impl_k_sleep
 .text.z_impl_k_wakeup
                0x08007af8       0xb0 zephyr/kernel/libkernel.a(sched.c.obj)
                0x08007af8                z_impl_k_wakeup
 .text.z_impl_k_sched_current_thread_query
                0x08007ba8        0xc zephyr/kernel/libkernel.a(sched.c.obj)
                0x08007ba8                z_impl_k_sched_current_thread_query
 .text.z_thread_abort
                0x08007bb4      0x270 zephyr/kernel/libkernel.a(sched.c.obj)
                0x08007bb4                z_thread_abort
 .text.z_sched_waitq_walk
                0x08007e24       0xd8 zephyr/kernel/libkernel.a(sched.c.obj)
                0x08007e24                z_sched_waitq_walk
 .text.z_time_slice_size
                0x08007efc       0x40 zephyr/kernel/libkernel.a(timeslicing.c.obj)
 .text.slice_timeout
                0x08007f3c       0x5c zephyr/kernel/libkernel.a(timeslicing.c.obj)
 .text.z_reset_time_slice
                0x08007f98       0x44 zephyr/kernel/libkernel.a(timeslicing.c.obj)
                0x08007f98                z_reset_time_slice
 .text.z_time_slice
                0x08007fdc       0xc8 zephyr/kernel/libkernel.a(timeslicing.c.obj)
                0x08007fdc                z_time_slice
 .text.z_spin_lock_valid
                0x080080a4       0x1c zephyr/kernel/libkernel.a(spinlock_validate.c.obj)
                0x080080a4                z_spin_lock_valid
 .text.z_spin_unlock_valid
                0x080080c0       0x2c zephyr/kernel/libkernel.a(spinlock_validate.c.obj)
                0x080080c0                z_spin_unlock_valid
 .text.z_spin_lock_set_owner
                0x080080ec       0x10 zephyr/kernel/libkernel.a(spinlock_validate.c.obj)
                0x080080ec                z_spin_lock_set_owner
 .text.thread_foreach_helper.constprop.0
                0x080080fc      0x104 zephyr/kernel/libkernel.a(thread_monitor.c.obj)
 .text.z_thread_monitor_exit
                0x08008200       0xa8 zephyr/kernel/libkernel.a(thread_monitor.c.obj)
                0x08008200                z_thread_monitor_exit
 .text.first    0x080082a8       0x10 zephyr/kernel/libkernel.a(timeout.c.obj)
 .text.elapsed  0x080082b8       0x14 zephyr/kernel/libkernel.a(timeout.c.obj)
 .text.remove_timeout
                0x080082cc       0x38 zephyr/kernel/libkernel.a(timeout.c.obj)
 .text.z_add_timeout
                0x08008304      0x1b8 zephyr/kernel/libkernel.a(timeout.c.obj)
                0x08008304                z_add_timeout
 .text.z_abort_timeout
                0x080084bc       0xd8 zephyr/kernel/libkernel.a(timeout.c.obj)
                0x080084bc                z_abort_timeout
 .text.sys_clock_announce_locked
                0x08008594      0x134 zephyr/kernel/libkernel.a(timeout.c.obj)
                0x08008594                sys_clock_announce_locked
 .text.sys_clock_lock
                0x080086c8       0x54 zephyr/kernel/libkernel.a(timeout.c.obj)
                0x080086c8                sys_clock_lock
 .text.sys_clock_unlock
                0x0800871c       0x4c zephyr/kernel/libkernel.a(timeout.c.obj)
                0x0800871c                sys_clock_unlock
 .text.sys_clock_tick_get
                0x08008768       0x9c zephyr/kernel/libkernel.a(timeout.c.obj)
                0x08008768                sys_clock_tick_get
 .text.z_impl_k_timer_stop
                0x08008804       0xe4 zephyr/kernel/libkernel.a(timer.c.obj)
                0x08008804                z_impl_k_timer_stop
 .text.k_event_post_internal
                0x080088e8       0x94 zephyr/kernel/libkernel.a(events.c.obj)
 .text.k_event_wait_internal
                0x0800897c      0x144 zephyr/kernel/libkernel.a(events.c.obj)
 .text.z_impl_k_event_init
                0x08008ac0       0x34 zephyr/kernel/libkernel.a(events.c.obj)
                0x08008ac0                z_impl_k_event_init
 .text.k_thread_system_pool_assign
                0x08008af4        0xc zephyr/kernel/libkernel.a(mempool.c.obj)
                0x08008af4                k_thread_system_pool_assign
 .text.boot_banner
                0x08008b00        0xc zephyr/kernel/libkernel.a(banner.c.obj)
                0x08008b00                boot_banner
 .text.gmtime_r
                0x08008b0c      0x15c /Users/denislavtrifonov/zephyr-sdk-1.0.1/gnu/arm-zephyr-eabi/bin/../lib/gcc/arm-zephyr-eabi/14.3.0/../../../../arm-zephyr-eabi/lib/thumb/v7e-m/nofp/space/libc.a(libc_time_gmtime_r.c.o)
                0x08008b0c                gmtime_r
 .text.snprintf
                0x08008c68       0x54 /Users/denislavtrifonov/zephyr-sdk-1.0.1/gnu/arm-zephyr-eabi/bin/../lib/gcc/arm-zephyr-eabi/14.3.0/../../../../arm-zephyr-eabi/lib/thumb/v7e-m/nofp/space/libc.a(libc_tinystdio_snprintf.c.o)
                0x08008c68                snprintf
 .text.strtol   0x08008cbc       0xe8 /Users/denislavtrifonov/zephyr-sdk-1.0.1/gnu/arm-zephyr-eabi/bin/../lib/gcc/arm-zephyr-eabi/14.3.0/../../../../arm-zephyr-eabi/lib/thumb/v7e-m/nofp/space/libc.a(libc_tinystdio_strtol.c.o)
                0x08008cbc                strtol
 .text.strtoul  0x08008da4       0xcc /Users/denislavtrifonov/zephyr-sdk-1.0.1/gnu/arm-zephyr-eabi/bin/../lib/gcc/arm-zephyr-eabi/14.3.0/../../../../arm-zephyr-eabi/lib/thumb/v7e-m/nofp/space/libc.a(libc_tinystdio_strtoul.c.o)
                0x08008da4                strtoul
 .text.strtoull
                0x08008e70      0x118 /Users/denislavtrifonov/zephyr-sdk-1.0.1/gnu/arm-zephyr-eabi/bin/../lib/gcc/arm-zephyr-eabi/14.3.0/../../../../arm-zephyr-eabi/lib/thumb/v7e-m/nofp/space/libc.a(libc_tinystdio_strtoull.c.o)
                0x08008e70                strtoull
 .text.__l_vfprintf
                0x08008f88      0x488 /Users/denislavtrifonov/zephyr-sdk-1.0.1/gnu/arm-zephyr-eabi/bin/../lib/gcc/arm-zephyr-eabi/14.3.0/../../../../arm-zephyr-eabi/lib/thumb/v7e-m/nofp/space/libc.a(libc_tinystdio_vflprintf.c.o)
                0x08008f88                __l_vfprintf
 .text._OffsetAbsSyms
                0x08009410        0x2 zephyr/CMakeFiles/offsets.dir/./arch/arm/core/offsets/offsets.c.obj
                0x08009410                _OffsetAbsSyms
 .text.chunk_size
                0x08009412        0xa zephyr/libzephyr.a(heap.c.obj)
 .text.right_chunk
                0x0800941c        0xa zephyr/libzephyr.a(heap.c.obj)
 .text.free_list_remove_bidx
                0x08009426       0x54 zephyr/libzephyr.a(heap.c.obj)
 .text.free_list_remove
                0x0800947a       0x1a zephyr/libzephyr.a(heap.c.obj)
 .text.free_list_add
                0x08009494       0x6c zephyr/libzephyr.a(heap.c.obj)
 .text.free_chunk_check.isra.0
                0x08009500       0x40 zephyr/libzephyr.a(heap.c.obj)
 .text.alloc_chunk
                0x08009540       0x7e zephyr/libzephyr.a(heap.c.obj)
 .text.merge_chunks
                0x080095be       0x2c zephyr/libzephyr.a(heap.c.obj)
 .text.split_chunks
                0x080095ea       0x36 zephyr/libzephyr.a(heap.c.obj)
 .text.sys_heap_free
                0x08009620       0xd8 zephyr/libzephyr.a(heap.c.obj)
                0x08009620                sys_heap_free
 .text.sys_heap_alloc
                0x080096f8       0x5a zephyr/libzephyr.a(heap.c.obj)
                0x080096f8                sys_heap_alloc
 .text.sys_heap_noalign_alloc
                0x08009752        0x6 zephyr/libzephyr.a(heap.c.obj)
                0x08009752                sys_heap_noalign_alloc
 .text.arch_printk_char_out
                0x08009758        0x4 zephyr/libzephyr.a(printk.c.obj)
                0x08009758                arch_printk_char_out
 .text.printk   0x0800975c       0x1a zephyr/libzephyr.a(printk.c.obj)
                0x0800975c                printk
 .text.assert_post_action
                0x08009776       0x12 zephyr/libzephyr.a(assert.c.obj)
                0x08009776                assert_post_action
 .text.assert_print
                0x08009788       0x1a zephyr/libzephyr.a(assert.c.obj)
                0x08009788                assert_print
 .text.ring_buf_area_claim
                0x080097a2       0x30 zephyr/libzephyr.a(ring_buffer.c.obj)
                0x080097a2                ring_buf_area_claim
 .text.ring_buf_put_claim
                0x080097d2       0x1e zephyr/libzephyr.a(ring_buffer.c.obj)
 .text.ring_buf_get_claim
                0x080097f0       0x1e zephyr/libzephyr.a(ring_buffer.c.obj)
 .text.ring_buf_area_finish
                0x0800980e       0x32 zephyr/libzephyr.a(ring_buffer.c.obj)
                0x0800980e                ring_buf_area_finish
 .text._ConfigAbsSyms
                0x08009840        0x2 zephyr/libzephyr.a(configs.c.obj)
                0x08009840                _ConfigAbsSyms
 .text.stm32_gpioport_configure_pin
                0x08009842       0xa4 zephyr/libzephyr.a(gpioport_mgr.c.obj)
                0x08009842                stm32_gpioport_configure_pin
 .text.soc_reset_hook
                0x080098e6        0x2 zephyr/libzephyr.a(soc_m7.c.obj)
                0x080098e6                soc_reset_hook
 .text.thread_valid_cb
                0x080098e8        0xc zephyr/libzephyr.a(thread.c.obj)
 .text.uart_irq_tx_disable
                0x080098f4        0xa zephyr/libzephyr.a(shell_uart.c.obj)
 .text.enable   0x080098fe       0x12 zephyr/libzephyr.a(shell_uart.c.obj)
 .text.read_uart
                0x08009910       0x12 zephyr/libzephyr.a(shell_uart.c.obj)
 .text.uninit   0x08009922       0x20 zephyr/libzephyr.a(shell_uart.c.obj)
 .text.write_uart
                0x08009942       0x6c zephyr/libzephyr.a(shell_uart.c.obj)
 .text.cmd_buffer_clear
                0x080099ae       0x16 zephyr/libzephyr.a(shell.c.obj)
 .text.atomic_or
                0x080099c4       0x1e zephyr/libzephyr.a(shell.c.obj)
 .text.atomic_and
                0x080099e2       0x1e zephyr/libzephyr.a(shell.c.obj)
 .text.z_shell_raw_fprintf
                0x08009a00       0x1a zephyr/libzephyr.a(shell.c.obj)
 .text.z_shell_strlen
                0x08009a1a        0xc zephyr/libzephyr.a(shell.c.obj)
 .text.z_shell_unlock.isra.0
                0x08009a26        0x8 zephyr/libzephyr.a(shell.c.obj)
 .text.z_shell_lock.isra.0
                0x08009a2e       0x10 zephyr/libzephyr.a(shell.c.obj)
 .text.z_flag_cmd_ctx_set.isra.0
                0x08009a3e       0x16 zephyr/libzephyr.a(shell.c.obj)
 .text.z_flag_history_exit_set.isra.0
                0x08009a54       0x16 zephyr/libzephyr.a(shell.c.obj)
 .text.z_flag_insert_mode_set.isra.0
                0x08009a6a       0x1e zephyr/libzephyr.a(shell.c.obj)
 .text.shell_signal_handle
                0x08009a88       0x38 zephyr/libzephyr.a(shell.c.obj)
 .text.z_shell_trylock.constprop.0.isra.0
                0x08009ac0       0x12 zephyr/libzephyr.a(shell.c.obj)
 .text.transport_evt_handler
                0x08009ad2       0x14 zephyr/libzephyr.a(shell.c.obj)
 .text.shell_fprintf_impl
                0x08009ae6       0x1a zephyr/libzephyr.a(shell.c.obj)
                0x08009ae6                shell_fprintf_impl
 .text.shell_fprintf_info
                0x08009b00       0x1c zephyr/libzephyr.a(shell.c.obj)
                0x08009b00                shell_fprintf_info
 .text.shell_fprintf_normal
                0x08009b1c       0x1c zephyr/libzephyr.a(shell.c.obj)
                0x08009b1c                shell_fprintf_normal
 .text.shell_fprintf_warn
                0x08009b38       0x1c zephyr/libzephyr.a(shell.c.obj)
                0x08009b38                shell_fprintf_warn
 .text.shell_fprintf_error
                0x08009b54       0x1c zephyr/libzephyr.a(shell.c.obj)
                0x08009b54                shell_fprintf_error
 .text.shell_help
                0x08009b70       0x24 zephyr/libzephyr.a(shell.c.obj)
                0x08009b70                shell_help
 .text.shell_get_return_value
                0x08009b94       0x10 zephyr/libzephyr.a(shell.c.obj)
                0x08009b94                shell_get_return_value
 .text.z_shell_fprintf_buffer_flush
                0x08009ba4       0x18 zephyr/libzephyr.a(shell_fprintf.c.obj)
                0x08009ba4                z_shell_fprintf_buffer_flush
 .text.out_func
                0x08009bbc       0x3c zephyr/libzephyr.a(shell_fprintf.c.obj)
 .text.z_shell_strlen
                0x08009bf8        0xc zephyr/libzephyr.a(shell_utils.c.obj)
 .text.shell_device_internal
                0x08009c04       0x8e zephyr/libzephyr.a(shell_utils.c.obj)
 .text.z_column_span_with_buffer_offsets_get
                0x08009c92       0x1e zephyr/libzephyr.a(shell_utils.c.obj)
                0x08009c92                z_column_span_with_buffer_offsets_get
 .text.z_row_span_with_buffer_offsets_get
                0x08009cb0       0x16 zephyr/libzephyr.a(shell_utils.c.obj)
                0x08009cb0                z_row_span_with_buffer_offsets_get
 .text.z_shell_multiline_data_calc
                0x08009cc6       0x2c zephyr/libzephyr.a(shell_utils.c.obj)
                0x08009cc6                z_shell_multiline_data_calc
 .text.z_shell_make_argv
                0x08009cf2      0x15e zephyr/libzephyr.a(shell_utils.c.obj)
                0x08009cf2                z_shell_make_argv
 .text.z_shell_pattern_remove
                0x08009e50       0x4e zephyr/libzephyr.a(shell_utils.c.obj)
                0x08009e50                z_shell_pattern_remove
 .text.z_shell_find_cmd
                0x08009e9e       0x58 zephyr/libzephyr.a(shell_utils.c.obj)
                0x08009e9e                z_shell_find_cmd
 .text.z_shell_get_last_command
                0x08009ef6       0x5c zephyr/libzephyr.a(shell_utils.c.obj)
                0x08009ef6                z_shell_get_last_command
 .text.z_shell_spaces_trim
                0x08009f52       0x60 zephyr/libzephyr.a(shell_utils.c.obj)
                0x08009f52                z_shell_spaces_trim
 .text.z_shell_cmd_trim
                0x08009fb2       0x74 zephyr/libzephyr.a(shell_utils.c.obj)
                0x08009fb2                z_shell_cmd_trim
 .text.shell_device_lookup_all
                0x0800a026        0x8 zephyr/libzephyr.a(shell_utils.c.obj)
                0x0800a026                shell_device_lookup_all
 .text.shell_device_lookup_non_ready
                0x0800a02e        0x8 zephyr/libzephyr.a(shell_utils.c.obj)
                0x0800a02e                shell_device_lookup_non_ready
 .text.shell_device_get_binding_all
                0x0800a036       0x84 zephyr/libzephyr.a(shell_utils.c.obj)
                0x0800a036                shell_device_get_binding_all
 .text.z_shell_raw_fprintf
                0x0800a0ba       0x1a zephyr/libzephyr.a(shell_ops.c.obj)
 .text.full_line_cmd.isra.0
                0x0800a0d4       0x24 zephyr/libzephyr.a(shell_ops.c.obj)
 .text.z_shell_cursor_in_empty_line
                0x0800a0f8       0x2e zephyr/libzephyr.a(shell_ops.c.obj)
                0x0800a0f8                z_shell_cursor_in_empty_line
 .text.z_shell_op_cond_next_line
                0x0800a126       0x1e zephyr/libzephyr.a(shell_ops.c.obj)
                0x0800a126                z_shell_op_cond_next_line
 .text.z_shell_op_cursor_position_synchronize
                0x0800a144       0x4a zephyr/libzephyr.a(shell_ops.c.obj)
                0x0800a144                z_shell_op_cursor_position_synchronize
 .text.z_shell_op_cursor_move
                0x0800a18e       0x50 zephyr/libzephyr.a(shell_ops.c.obj)
                0x0800a18e                z_shell_op_cursor_move
 .text.z_shell_op_cursor_word_move
                0x0800a1de       0x7e zephyr/libzephyr.a(shell_ops.c.obj)
                0x0800a1de                z_shell_op_cursor_word_move
 .text.z_shell_op_cursor_home_move
                0x0800a25c        0xe zephyr/libzephyr.a(shell_ops.c.obj)
                0x0800a25c                z_shell_op_cursor_home_move
 .text.z_shell_op_cursor_end_move
                0x0800a26a       0x12 zephyr/libzephyr.a(shell_ops.c.obj)
                0x0800a26a                z_shell_op_cursor_end_move
 .text.z_shell_op_left_arrow
                0x0800a27c       0x12 zephyr/libzephyr.a(shell_ops.c.obj)
                0x0800a27c                z_shell_op_left_arrow
 .text.z_shell_op_right_arrow
                0x0800a28e       0x16 zephyr/libzephyr.a(shell_ops.c.obj)
                0x0800a28e                z_shell_op_right_arrow
 .text.z_shell_op_delete_from_cursor
                0x0800a2a4       0x1c zephyr/libzephyr.a(shell_ops.c.obj)
                0x0800a2a4                z_shell_op_delete_from_cursor
 .text.z_shell_cmd_line_erase
                0x0800a2c0       0x36 zephyr/libzephyr.a(shell_ops.c.obj)
                0x0800a2c0                z_shell_cmd_line_erase
 .text.z_shell_print_stream
                0x0800a2f6        0x4 zephyr/libzephyr.a(shell_ops.c.obj)
                0x0800a2f6                z_shell_print_stream
 .text.z_shell_vfprintf
                0x0800a2fa       0x4a zephyr/libzephyr.a(shell_ops.c.obj)
                0x0800a2fa                z_shell_vfprintf
 .text.data_insert
                0x0800a344       0x74 zephyr/libzephyr.a(shell_ops.c.obj)
 .text.z_shell_op_completion_insert
                0x0800a3b8        0x4 zephyr/libzephyr.a(shell_ops.c.obj)
                0x0800a3b8                z_shell_op_completion_insert
 .text.z_shell_op_char_delete
                0x0800a3bc       0x3e zephyr/libzephyr.a(shell_ops.c.obj)
                0x0800a3bc                z_shell_op_char_delete
 .text.z_shell_op_char_backspace
                0x0800a3fa       0x26 zephyr/libzephyr.a(shell_ops.c.obj)
                0x0800a3fa                z_shell_op_char_backspace
 .text.shell_help_is_structured
                0x0800a420       0x24 zephyr/libzephyr.a(shell_help.c.obj)
 .text.z_shell_raw_fprintf
                0x0800a444       0x1a zephyr/libzephyr.a(shell_help.c.obj)
 .text.formatted_text_print.part.0
                0x0800a45e       0xcc zephyr/libzephyr.a(shell_help.c.obj)
 .text.cmd_comment
                0x0800a52a        0x4 zephyr/libzephyr.a(shell_cmds.c.obj)
 .text.cmd_shell_stats_reset
                0x0800a52e        0x8 zephyr/libzephyr.a(shell_cmds.c.obj)
 .text.z_shell_raw_fprintf
                0x0800a536       0x1a zephyr/libzephyr.a(shell_cmds.c.obj)
 .text.cmd_prompt_on
                0x0800a550        0xc zephyr/libzephyr.a(shell_cmds.c.obj)
 .text.cmd_backspace_mode_backspace
                0x0800a55c       0x22 zephyr/libzephyr.a(shell_cmds.c.obj)
 .text.cmd_echo_on
                0x0800a57e       0x22 zephyr/libzephyr.a(shell_cmds.c.obj)
 .text.cmd_colors_off
                0x0800a5a0       0x22 zephyr/libzephyr.a(shell_cmds.c.obj)
 .text.cmd_vt100_off
                0x0800a5c2       0x22 zephyr/libzephyr.a(shell_cmds.c.obj)
 .text.cmd_echo_off
                0x0800a5e4       0x22 zephyr/libzephyr.a(shell_cmds.c.obj)
 .text.cmd_backspace_mode_delete
                0x0800a606       0x22 zephyr/libzephyr.a(shell_cmds.c.obj)
 .text.cmd_colors_on
                0x0800a628       0x22 zephyr/libzephyr.a(shell_cmds.c.obj)
 .text.cmd_vt100_on
                0x0800a64a       0x22 zephyr/libzephyr.a(shell_cmds.c.obj)
 .text.z_shell_history_mode_exit
                0x0800a66c        0x6 zephyr/libzephyr.a(shell_history.c.obj)
                0x0800a66c                z_shell_history_mode_exit
 .text.z_shell_history_get
                0x0800a672       0x56 zephyr/libzephyr.a(shell_history.c.obj)
                0x0800a672                z_shell_history_get
 .text.z_shell_history_put
                0x0800a6c8       0x76 zephyr/libzephyr.a(shell_history.c.obj)
                0x0800a6c8                z_shell_history_put
 .text.z_shell_history_purge
                0x0800a73e       0x2a zephyr/libzephyr.a(shell_history.c.obj)
                0x0800a73e                z_shell_history_purge
 .text.z_shell_has_wildcard
                0x0800a768       0x28 zephyr/libzephyr.a(shell_wildcard.c.obj)
                0x0800a768                z_shell_has_wildcard
 .text.z_shell_wildcard_prepare
                0x0800a790       0x42 zephyr/libzephyr.a(shell_wildcard.c.obj)
                0x0800a790                z_shell_wildcard_prepare
 .text.z_shell_wildcard_finalize
                0x0800a7d2       0x20 zephyr/libzephyr.a(shell_wildcard.c.obj)
                0x0800a7d2                z_shell_wildcard_finalize
 .text.arch_early_memset
                0x0800a7f2        0x4 zephyr/arch/common/libarch__common.a(init.c.obj)
                0x0800a7f2                arch_early_memset
 .text.arch_early_memcpy
                0x0800a7f6        0x4 zephyr/arch/common/libarch__common.a(init.c.obj)
                0x0800a7f6                arch_early_memcpy
 .text.z_do_kernel_oops
                0x0800a7fa        0x8 zephyr/arch/arch/arm/core/libarch__arm__core.a(fatal.c.obj)
                0x0800a7fa                z_do_kernel_oops
 .text.z_arm_nmi
                0x0800a802        0xe zephyr/arch/arch/arm/core/libarch__arm__core.a(nmi.c.obj)
                0x0800a802                z_arm_nmi
 .text.z_irq_spurious
                0x0800a810        0x8 zephyr/arch/arch/arm/core/cortex_m/libarch__arm__core__cortex_m.a(irq_manage.c.obj)
                0x0800a810                z_irq_spurious
 .text.arch_coprocessors_disable
                0x0800a818        0x6 zephyr/arch/arch/arm/core/cortex_m/libarch__arm__core__cortex_m.a(thread.c.obj)
                0x0800a818                arch_coprocessors_disable
 .text.arch_irq_unlock_outlined
                0x0800a81e        0xe zephyr/arch/arch/arm/core/cortex_m/libarch__arm__core__cortex_m.a(thread.c.obj)
                0x0800a81e                arch_irq_unlock_outlined
 .text.arch_cpu_idle
                0x0800a82c       0x1a zephyr/arch/arch/arm/core/cortex_m/libarch__arm__core__cortex_m.a(cpu_idle.c.obj)
                0x0800a82c                arch_cpu_idle
 .text.arch_cache_init
                0x0800a846        0x2 zephyr/arch/arch/arm/core/cortex_m/libarch__arm__core__cortex_m.a(cache.c.obj)
                0x0800a846                arch_cache_init
 .text.size_to_mpu_rasr_size
                0x0800a848       0x20 zephyr/arch/arch/arm/core/mpu/libarch__arm__core__mpu.a(arm_mpu.c.obj)
 .text.cbputc   0x0800a868        0xc zephyr/lib/libc/picolibc/liblib__libc__picolibc.a(cbprintf.c.obj)
 .text.picolibc_put
                0x0800a874        0xa zephyr/lib/libc/picolibc/liblib__libc__picolibc.a(stdio.c.obj)
 .text.foldcase
                0x0800a87e       0x10 zephyr/lib/posix/c_lib_ext/liblib__posix__c_lib_ext.a(fnmatch.c.obj)
 .text.fnmatch  0x0800a88e       0x14 zephyr/lib/posix/c_lib_ext/liblib__posix__c_lib_ext.a(fnmatch.c.obj)
                0x0800a88e                fnmatch
 .text.stm32_exti_is_pending
                0x0800a8a2       0x38 zephyr/drivers/interrupt_controller/libdrivers__interrupt_controller.a(intc_exti_stm32.c.obj)
                0x0800a8a2                stm32_exti_is_pending
 .text.stm32_exti_clear_pending
                0x0800a8da       0x34 zephyr/drivers/interrupt_controller/libdrivers__interrupt_controller.a(intc_exti_stm32.c.obj)
                0x0800a8da                stm32_exti_clear_pending
 .text.stm32_exti_gpio_intc_init
                0x0800a90e       0x92 zephyr/drivers/interrupt_controller/libdrivers__interrupt_controller.a(intc_gpio_stm32.c.obj)
 .text.stm32_gpio_intc_get_pin_irq_line
                0x0800a9a0        0xa zephyr/drivers/interrupt_controller/libdrivers__interrupt_controller.a(intc_gpio_stm32.c.obj)
                0x0800a9a0                stm32_gpio_intc_get_pin_irq_line
 .text.stm32_gpio_intc_disable_line
                0x0800a9aa       0x12 zephyr/drivers/interrupt_controller/libdrivers__interrupt_controller.a(intc_gpio_stm32.c.obj)
                0x0800a9aa                stm32_gpio_intc_disable_line
 .text.stm32_exti_set_line_src_port
                0x0800a9bc       0x3a zephyr/drivers/interrupt_controller/libdrivers__interrupt_controller.a(intc_gpio_stm32.c.obj)
                0x0800a9bc                stm32_exti_set_line_src_port
 .text.stm32_clock_control_on
                0x0800a9f6       0x44 zephyr/drivers/clock_control/libdrivers__clock_control.a(clock_stm32_ll_h7.c.obj)
 .text.stm32_clock_control_off
                0x0800aa3a       0x2e zephyr/drivers/clock_control/libdrivers__clock_control.a(clock_stm32_ll_h7.c.obj)
 .text.stm32_clock_control_configure
                0x0800aa68       0x46 zephyr/drivers/clock_control/libdrivers__clock_control.a(clock_stm32_ll_h7.c.obj)
 .text.stm32_clock_control_get_status
                0x0800aaae       0x38 zephyr/drivers/clock_control/libdrivers__clock_control.a(clock_stm32_ll_h7.c.obj)
 .text.gpio_stm32_port_get_raw
                0x0800aae6        0xc zephyr/drivers/gpio/libdrivers__gpio.a(gpio_stm32.c.obj)
 .text.gpio_stm32_port_set_masked_raw
                0x0800aaf2       0x12 zephyr/drivers/gpio/libdrivers__gpio.a(gpio_stm32.c.obj)
 .text.gpio_stm32_port_set_bits_raw
                0x0800ab04        0xa zephyr/drivers/gpio/libdrivers__gpio.a(gpio_stm32.c.obj)
 .text.gpio_stm32_port_clear_bits_raw
                0x0800ab0e        0xc zephyr/drivers/gpio/libdrivers__gpio.a(gpio_stm32.c.obj)
 .text.gpio_stm32_port_toggle_bits
                0x0800ab1a        0xe zephyr/drivers/gpio/libdrivers__gpio.a(gpio_stm32.c.obj)
 .text.gpio_stm32_config
                0x0800ab28       0xd6 zephyr/drivers/gpio/libdrivers__gpio.a(gpio_stm32.c.obj)
 .text.pinctrl_lookup_state
                0x0800abfe       0x24 zephyr/drivers/pinctrl/libdrivers__pinctrl.a(common.c.obj)
                0x0800abfe                pinctrl_lookup_state
 .text.pinctrl_configure_pins
                0x0800ac22       0x82 zephyr/drivers/pinctrl/libdrivers__pinctrl.a(pinctrl_stm32.c.obj)
                0x0800ac22                pinctrl_configure_pins
 .text.reset_stm32_status
                0x0800aca4       0x20 zephyr/drivers/reset/libdrivers__reset.a(reset_stm32.c.obj)
 .text.reset_stm32_line_assert
                0x0800acc4       0x1c zephyr/drivers/reset/libdrivers__reset.a(reset_stm32.c.obj)
 .text.reset_stm32_line_deassert
                0x0800ace0       0x1e zephyr/drivers/reset/libdrivers__reset.a(reset_stm32.c.obj)
 .text.reset_stm32_line_toggle
                0x0800acfe       0x16 zephyr/drivers/reset/libdrivers__reset.a(reset_stm32.c.obj)
 .text.uart_stm32_ll2cfg_databits
                0x0800ad14       0x2a zephyr/drivers/serial/libdrivers__serial.a(uart_stm32.c.obj)
 .text.uart_stm32_err_check
                0x0800ad3e       0x5a zephyr/drivers/serial/libdrivers__serial.a(uart_stm32.c.obj)
 .text.uart_stm32_irq_tx_enable
                0x0800ad98       0x16 zephyr/drivers/serial/libdrivers__serial.a(uart_stm32.c.obj)
 .text.uart_stm32_irq_tx_disable
                0x0800adae       0x16 zephyr/drivers/serial/libdrivers__serial.a(uart_stm32.c.obj)
 .text.uart_stm32_irq_rx_enable
                0x0800adc4       0x16 zephyr/drivers/serial/libdrivers__serial.a(uart_stm32.c.obj)
 .text.uart_stm32_irq_rx_disable
                0x0800adda       0x16 zephyr/drivers/serial/libdrivers__serial.a(uart_stm32.c.obj)
 .text.uart_stm32_irq_rx_ready
                0x0800adf0        0xc zephyr/drivers/serial/libdrivers__serial.a(uart_stm32.c.obj)
 .text.uart_stm32_irq_update
                0x0800adfc        0x4 zephyr/drivers/serial/libdrivers__serial.a(uart_stm32.c.obj)
 .text.uart_stm32_irq_callback_set
                0x0800ae00        0x8 zephyr/drivers/serial/libdrivers__serial.a(uart_stm32.c.obj)
 .text.uart_stm32_isr
                0x0800ae08        0xc zephyr/drivers/serial/libdrivers__serial.a(uart_stm32.c.obj)
 .text.uart_stm32_irq_config_func_0
                0x0800ae14       0x16 zephyr/drivers/serial/libdrivers__serial.a(uart_stm32.c.obj)
 .text.uart_stm32_irq_tx_complete
                0x0800ae2a        0xc zephyr/drivers/serial/libdrivers__serial.a(uart_stm32.c.obj)
 .text.uart_stm32_irq_tx_ready
                0x0800ae36       0x14 zephyr/drivers/serial/libdrivers__serial.a(uart_stm32.c.obj)
 .text.uart_stm32_config_get
                0x0800ae4a       0x92 zephyr/drivers/serial/libdrivers__serial.a(uart_stm32.c.obj)
 .text.uart_stm32_fifo_fill
                0x0800aedc       0x58 zephyr/drivers/serial/libdrivers__serial.a(uart_stm32.c.obj)
 .text.uart_stm32_poll_out
                0x0800af34       0x36 zephyr/drivers/serial/libdrivers__serial.a(uart_stm32.c.obj)
 .text.uart_stm32_irq_is_pending
                0x0800af6a       0x24 zephyr/drivers/serial/libdrivers__serial.a(uart_stm32.c.obj)
 .text.uart_stm32_fifo_read
                0x0800af8e       0x42 zephyr/drivers/serial/libdrivers__serial.a(uart_stm32.c.obj)
 .text.uart_stm32_poll_in
                0x0800afd0       0x22 zephyr/drivers/serial/libdrivers__serial.a(uart_stm32.c.obj)
 .text.z_impl_k_busy_wait
                0x0800aff2       0x1e zephyr/kernel/libkernel.a(busy_wait.c.obj)
                0x0800aff2                z_impl_k_busy_wait
 .text.z_impl_device_init
                0x0800b010       0x12 zephyr/kernel/libkernel.a(device.c.obj)
                0x0800b010                z_impl_device_init
 .text.z_impl_device_is_ready
                0x0800b022       0x16 zephyr/kernel/libkernel.a(device.c.obj)
                0x0800b022                z_impl_device_is_ready
 .text.arch_system_halt
                0x0800b038       0x10 zephyr/kernel/libkernel.a(fatal.c.obj)
                0x0800b038                arch_system_halt
 .text.k_sys_fatal_error_handler
                0x0800b048        0x6 zephyr/kernel/libkernel.a(fatal.c.obj)
                0x0800b048                k_sys_fatal_error_handler
 .text.k_heap_init
                0x0800b04e       0x14 zephyr/kernel/libkernel.a(kheap.c.obj)
                0x0800b04e                k_heap_init
 .text.z_impl_k_sem_init
                0x0800b062       0x18 zephyr/kernel/libkernel.a(sem.c.obj)
                0x0800b062                z_impl_k_sem_init
 .text.k_is_in_isr
                0x0800b07a        0xc zephyr/kernel/libkernel.a(thread.c.obj)
                0x0800b07a                k_is_in_isr
 .text.k_thread_name_get
                0x0800b086        0x4 zephyr/kernel/libkernel.a(thread.c.obj)
                0x0800b086                k_thread_name_get
 .text.z_stack_space_get
                0x0800b08a       0x18 zephyr/kernel/libkernel.a(thread.c.obj)
                0x0800b08a                z_stack_space_get
 .text.z_impl_k_thread_stack_space_get
                0x0800b0a2       0x10 zephyr/kernel/libkernel.a(thread.c.obj)
                0x0800b0a2                z_impl_k_thread_stack_space_get
 .text.sys_dlist_remove
                0x0800b0b2       0x10 zephyr/kernel/libkernel.a(sched.c.obj)
 .text.add_to_waitq_locked
                0x0800b0c2       0x4c zephyr/kernel/libkernel.a(sched.c.obj)
 .text.z_sched_wake_thread_locked
                0x0800b10e       0x28 zephyr/kernel/libkernel.a(sched.c.obj)
                0x0800b10e                z_sched_wake_thread_locked
 .text.z_reschedule
                0x0800b136        0x4 zephyr/kernel/libkernel.a(sched.c.obj)
                0x0800b136                z_reschedule
 .text.z_unpend_all_locked
                0x0800b13a       0x2e zephyr/kernel/libkernel.a(sched.c.obj)
                0x0800b13a                z_unpend_all_locked
 .text.k_thread_foreach
                0x0800b168        0x6 zephyr/kernel/libkernel.a(thread_monitor.c.obj)
                0x0800b168                k_thread_foreach
 .text.k_thread_foreach_unlocked
                0x0800b16e        0x6 zephyr/kernel/libkernel.a(thread_monitor.c.obj)
                0x0800b16e                k_thread_foreach_unlocked
 .text.next_timeout
                0x0800b174       0x2e zephyr/kernel/libkernel.a(timeout.c.obj)
 .text.sys_clock_tick_get_32
                0x0800b1a2        0x8 zephyr/kernel/libkernel.a(timeout.c.obj)
                0x0800b1a2                sys_clock_tick_get_32
 .text.z_impl_k_uptime_ticks
                0x0800b1aa        0x4 zephyr/kernel/libkernel.a(timeout.c.obj)
                0x0800b1aa                z_impl_k_uptime_ticks
 .text.sys_timepoint_calc
                0x0800b1ae       0x4a zephyr/kernel/libkernel.a(timeout.c.obj)
                0x0800b1ae                sys_timepoint_calc
 .text.sys_timepoint_timeout
                0x0800b1f8       0x42 zephyr/kernel/libkernel.a(timeout.c.obj)
                0x0800b1f8                sys_timepoint_timeout
 .text.event_walk_op
                0x0800b23a       0x3e zephyr/kernel/libkernel.a(events.c.obj)
 .text.z_impl_k_event_post
                0x0800b278        0x6 zephyr/kernel/libkernel.a(events.c.obj)
                0x0800b278                z_impl_k_event_post
 .text.z_impl_k_event_clear
                0x0800b27e        0x8 zephyr/kernel/libkernel.a(events.c.obj)
                0x0800b27e                z_impl_k_event_clear
 .text.z_impl_k_event_wait
                0x0800b286        0x6 zephyr/kernel/libkernel.a(events.c.obj)
                0x0800b286                z_impl_k_event_wait
 .text.memcpy   0x0800b28c       0x1c /Users/denislavtrifonov/zephyr-sdk-1.0.1/gnu/arm-zephyr-eabi/bin/../lib/gcc/arm-zephyr-eabi/14.3.0/../../../../arm-zephyr-eabi/lib/thumb/v7e-m/nofp/space/libc.a(memcpy.c.o)
                0x0800b28c                memcpy
                0x0800b28c                __aeabi_memcpy
                0x0800b28c                __aeabi_memcpy4
                0x0800b28c                __aeabi_memcpy8
 .text.memmove  0x0800b2a8       0x32 /Users/denislavtrifonov/zephyr-sdk-1.0.1/gnu/arm-zephyr-eabi/bin/../lib/gcc/arm-zephyr-eabi/14.3.0/../../../../arm-zephyr-eabi/lib/thumb/v7e-m/nofp/space/libc.a(memmove.c.o)
                0x0800b2a8                memmove
                0x0800b2a8                __aeabi_memmove8
                0x0800b2a8                __aeabi_memmove
                0x0800b2a8                __aeabi_memmove4
 .text.memset   0x0800b2da       0x10 /Users/denislavtrifonov/zephyr-sdk-1.0.1/gnu/arm-zephyr-eabi/bin/../lib/gcc/arm-zephyr-eabi/14.3.0/../../../../arm-zephyr-eabi/lib/thumb/v7e-m/nofp/space/libc.a(memset.c.o)
                0x0800b2da                memset
 .text.memcmp   0x0800b2ea       0x20 /Users/denislavtrifonov/zephyr-sdk-1.0.1/gnu/arm-zephyr-eabi/bin/../lib/gcc/arm-zephyr-eabi/14.3.0/../../../../arm-zephyr-eabi/lib/thumb/v7e-m/nofp/space/libc.a(libc_string_memcmp.c.o)
                0x0800b2ea                memcmp
 .text.strchr   0x0800b30a       0x1a /Users/denislavtrifonov/zephyr-sdk-1.0.1/gnu/arm-zephyr-eabi/bin/../lib/gcc/arm-zephyr-eabi/14.3.0/../../../../arm-zephyr-eabi/lib/thumb/v7e-m/nofp/space/libc.a(libc_string_strchr.c.o)
                0x0800b30a                strchr
 .text.strncmp  0x0800b324       0x24 /Users/denislavtrifonov/zephyr-sdk-1.0.1/gnu/arm-zephyr-eabi/bin/../lib/gcc/arm-zephyr-eabi/14.3.0/../../../../arm-zephyr-eabi/lib/thumb/v7e-m/nofp/space/libc.a(libc_string_strncmp.c.o)
                0x0800b324                strncmp
 .text.strncpy  0x0800b348       0x26 /Users/denislavtrifonov/zephyr-sdk-1.0.1/gnu/arm-zephyr-eabi/bin/../lib/gcc/arm-zephyr-eabi/14.3.0/../../../../arm-zephyr-eabi/lib/thumb/v7e-m/nofp/space/libc.a(libc_string_strncpy.c.o)
                0x0800b348                strncpy
 .text.strnlen  0x0800b36e       0x18 /Users/denislavtrifonov/zephyr-sdk-1.0.1/gnu/arm-zephyr-eabi/bin/../lib/gcc/arm-zephyr-eabi/14.3.0/../../../../arm-zephyr-eabi/lib/thumb/v7e-m/nofp/space/libc.a(libc_string_strnlen.c.o)
                0x0800b36e                strnlen
 .text.strstr   0x0800b386       0x2c /Users/denislavtrifonov/zephyr-sdk-1.0.1/gnu/arm-zephyr-eabi/bin/../lib/gcc/arm-zephyr-eabi/14.3.0/../../../../arm-zephyr-eabi/lib/thumb/v7e-m/nofp/space/libc.a(libc_string_strstr.c.o)
                0x0800b386                strstr
 .text.__ultoa_invert
                0x0800b3b2       0xae /Users/denislavtrifonov/zephyr-sdk-1.0.1/gnu/arm-zephyr-eabi/bin/../lib/gcc/arm-zephyr-eabi/14.3.0/../../../../arm-zephyr-eabi/lib/thumb/v7e-m/nofp/space/libc.a(libc_tinystdio_vflprintf.c.o)
 .text.__file_str_put
                0x0800b460       0x10 /Users/denislavtrifonov/zephyr-sdk-1.0.1/gnu/arm-zephyr-eabi/bin/../lib/gcc/arm-zephyr-eabi/14.3.0/../../../../arm-zephyr-eabi/lib/thumb/v7e-m/nofp/space/libc.a(libc_tinystdio_filestrput.c.o)
                0x0800b460                __file_str_put
 *(SORT_BY_ALIGNMENT(.gnu.linkonce.t.*))
 *(SORT_BY_ALIGNMENT(.glue_7t))
 .glue_7t       0x0800b470        0x0 linker stubs
 *(SORT_BY_ALIGNMENT(.glue_7))
 .glue_7        0x0800b470        0x0 linker stubs
 *(SORT_BY_ALIGNMENT(.vfp11_veneer))
 .vfp11_veneer  0x0800b470        0x0 linker stubs
 *(SORT_BY_ALIGNMENT(.v4_bx))
 .v4_bx         0x0800b470        0x0 linker stubs
                0x0800b470                        . = ALIGN (0x4)
                0x0800b470                        __text_region_end = .

.ARM.exidx      0x0800b470        0x8
                0x0800b470                        __exidx_start = .
 *(SORT_BY_ALIGNMENT(.ARM.exidx*) SORT_BY_ALIGNMENT(gnu.linkonce.armexidx.*))
 .ARM.exidx     0x0800b470        0x8 /Users/denislavtrifonov/zephyr-sdk-1.0.1/gnu/arm-zephyr-eabi/bin/../lib/gcc/arm-zephyr-eabi/14.3.0/thumb/v7e-m/nofp/space/libgcc.a(_udivmoddi4.o)
                0x0800b478                        __exidx_end = .
                0x0800b478                        __rodata_region_start = .

initlevel       0x0800b478       0xb0
                0x0800b478                        __init_start = .
                0x0800b478                        __init_EARLY_start = .
 *(SORT_BY_NAME(SORT_BY_ALIGNMENT(.z_init_EARLY_P_?_*)))
 *(SORT_BY_NAME(SORT_BY_ALIGNMENT(.z_init_EARLY_P_??_*)))
 *(SORT_BY_NAME(SORT_BY_ALIGNMENT(.z_init_EARLY_P_???_*)))
                0x0800b478                        __init_PRE_KERNEL_1_start = .
 *(SORT_BY_NAME(SORT_BY_ALIGNMENT(.z_init_PRE_KERNEL_1_P_?_*)))
 .z_init_PRE_KERNEL_1_P_1_SUB_00008_
                0x0800b478        0x8 zephyr/drivers/clock_control/libdrivers__clock_control.a(clock_stm32_ll_h7.c.obj)
 .z_init_PRE_KERNEL_1_P_1_SUB_0_
                0x0800b480        0x8 zephyr/libzephyr.a(soc_config.c.obj)
 *(SORT_BY_NAME(SORT_BY_ALIGNMENT(.z_init_PRE_KERNEL_1_P_??_*)))
 .z_init_PRE_KERNEL_1_P_30_SUB_0_
                0x0800b488        0x8 zephyr/kernel/libkernel.a(kheap.c.obj)
 .z_init_PRE_KERNEL_1_P_35_SUB_00062_
                0x0800b490        0x8 zephyr/drivers/reset/libdrivers__reset.a(reset_stm32.c.obj)
 .z_init_PRE_KERNEL_1_P_40_SUB_00048_
                0x0800b498        0x8 zephyr/libzephyr.a(gpioport_mgr.c.obj)
 .z_init_PRE_KERNEL_1_P_40_SUB_00078_
                0x0800b4a0        0x8 zephyr/drivers/interrupt_controller/libdrivers__interrupt_controller.a(intc_exti_stm32.c.obj)
 .z_init_PRE_KERNEL_1_P_40_SUB_00119_
                0x0800b4a8        0x8 zephyr/libzephyr.a(gpioport_mgr.c.obj)
 .z_init_PRE_KERNEL_1_P_40_SUB_00120_
                0x0800b4b0        0x8 zephyr/libzephyr.a(gpioport_mgr.c.obj)
 .z_init_PRE_KERNEL_1_P_40_SUB_00121_
                0x0800b4b8        0x8 zephyr/libzephyr.a(gpioport_mgr.c.obj)
 .z_init_PRE_KERNEL_1_P_40_SUB_00122_
                0x0800b4c0        0x8 zephyr/libzephyr.a(gpioport_mgr.c.obj)
 .z_init_PRE_KERNEL_1_P_40_SUB_00123_
                0x0800b4c8        0x8 zephyr/libzephyr.a(gpioport_mgr.c.obj)
 .z_init_PRE_KERNEL_1_P_40_SUB_00124_
                0x0800b4d0        0x8 zephyr/libzephyr.a(gpioport_mgr.c.obj)
 .z_init_PRE_KERNEL_1_P_40_SUB_00125_
                0x0800b4d8        0x8 zephyr/libzephyr.a(gpioport_mgr.c.obj)
 .z_init_PRE_KERNEL_1_P_40_SUB_00126_
                0x0800b4e0        0x8 zephyr/libzephyr.a(gpioport_mgr.c.obj)
 .z_init_PRE_KERNEL_1_P_40_SUB_00127_
                0x0800b4e8        0x8 zephyr/libzephyr.a(gpioport_mgr.c.obj)
 .z_init_PRE_KERNEL_1_P_40_SUB_00128_
                0x0800b4f0        0x8 zephyr/libzephyr.a(gpioport_mgr.c.obj)
 .z_init_PRE_KERNEL_1_P_40_SUB_0_
                0x0800b4f8        0x8 zephyr/drivers/interrupt_controller/libdrivers__interrupt_controller.a(intc_gpio_stm32.c.obj)
 .z_init_PRE_KERNEL_1_P_50_SUB_00095_
                0x0800b500        0x8 zephyr/drivers/serial/libdrivers__serial.a(uart_stm32.c.obj)
 .z_init_PRE_KERNEL_1_P_60_SUB_0_
                0x0800b508        0x8 zephyr/drivers/console/libdrivers__console.a(uart_console.c.obj)
 *(SORT_BY_NAME(SORT_BY_ALIGNMENT(.z_init_PRE_KERNEL_1_P_???_*)))
                0x0800b510                        __init_PRE_KERNEL_2_start = .
 *(SORT_BY_NAME(SORT_BY_ALIGNMENT(.z_init_PRE_KERNEL_2_P_?_*)))
 .z_init_PRE_KERNEL_2_P_0_SUB_0_
                0x0800b510        0x8 zephyr/drivers/timer/libdrivers__timer.a(cortex_m_systick.c.obj)
 *(SORT_BY_NAME(SORT_BY_ALIGNMENT(.z_init_PRE_KERNEL_2_P_??_*)))
 *(SORT_BY_NAME(SORT_BY_ALIGNMENT(.z_init_PRE_KERNEL_2_P_???_*)))
                0x0800b518                        __init_POST_KERNEL_start = .
 *(SORT_BY_NAME(SORT_BY_ALIGNMENT(.z_init_POST_KERNEL_P_?_*)))
 *(SORT_BY_NAME(SORT_BY_ALIGNMENT(.z_init_POST_KERNEL_P_??_*)))
 .z_init_POST_KERNEL_P_35_SUB_0_
                0x0800b518        0x8 zephyr/lib/libc/common/liblib__libc__common.a(malloc.c.obj)
 .z_init_POST_KERNEL_P_90_SUB_0_
                0x0800b520        0x8 zephyr/libzephyr.a(shell_uart.c.obj)
 *(SORT_BY_NAME(SORT_BY_ALIGNMENT(.z_init_POST_KERNEL_P_???_*)))
                0x0800b528                        __init_APPLICATION_start = .
 *(SORT_BY_NAME(SORT_BY_ALIGNMENT(.z_init_APPLICATION_P_?_*)))
 *(SORT_BY_NAME(SORT_BY_ALIGNMENT(.z_init_APPLICATION_P_??_*)))
 *(SORT_BY_NAME(SORT_BY_ALIGNMENT(.z_init_APPLICATION_P_???_*)))
                0x0800b528                        __init_SMP_start = .
 *(SORT_BY_NAME(SORT_BY_ALIGNMENT(.z_init_SMP_P_?_*)))
 *(SORT_BY_NAME(SORT_BY_ALIGNMENT(.z_init_SMP_P_??_*)))
 *(SORT_BY_NAME(SORT_BY_ALIGNMENT(.z_init_SMP_P_???_*)))
                0x0800b528                        __init_end = .

device_area     0x0800b528      0x1e0
                0x0800b528                        _device_list_start = .
 *(SORT_BY_NAME(SORT_BY_ALIGNMENT(._device.static.*_?_*)))
 ._device.static.1_1_
                0x0800b528       0x20 zephyr/drivers/clock_control/libdrivers__clock_control.a(clock_stm32_ll_h7.c.obj)
                0x0800b528                __device_dts_ord_8
 *(SORT_BY_NAME(SORT_BY_ALIGNMENT(._device.static.*_??_*)))
 ._device.static.1_35_
                0x0800b548       0x20 zephyr/drivers/reset/libdrivers__reset.a(reset_stm32.c.obj)
                0x0800b548                __device_dts_ord_62
 ._device.static.1_40_
                0x0800b568      0x160 zephyr/libzephyr.a(gpioport_mgr.c.obj)
                0x0800b568                __device_dts_ord_128
                0x0800b588                __device_dts_ord_127
                0x0800b5a8                __device_dts_ord_126
                0x0800b5c8                __device_dts_ord_125
                0x0800b5e8                __device_dts_ord_48
                0x0800b608                __device_dts_ord_124
                0x0800b628                __device_dts_ord_123
                0x0800b648                __device_dts_ord_122
                0x0800b668                __device_dts_ord_121
                0x0800b688                __device_dts_ord_120
                0x0800b6a8                __device_dts_ord_119
 ._device.static.1_40_
                0x0800b6c8       0x20 zephyr/drivers/interrupt_controller/libdrivers__interrupt_controller.a(intc_exti_stm32.c.obj)
                0x0800b6c8                __device_dts_ord_78
 ._device.static.1_50_
                0x0800b6e8       0x20 zephyr/drivers/serial/libdrivers__serial.a(uart_stm32.c.obj)
                0x0800b6e8                __device_dts_ord_95
 *(SORT_BY_NAME(SORT_BY_ALIGNMENT(._device.static.*_???_*)))
 *(SORT_BY_NAME(SORT_BY_ALIGNMENT(._device.static.*_????_*)))
 *(SORT_BY_NAME(SORT_BY_ALIGNMENT(._device.static.*_?????_*)))
                0x0800b708                        _device_list_end = .

sw_isr_table    0x0800b708      0x148
                0x0800b708                        . = ALIGN (0x4)
 *(SORT_BY_ALIGNMENT(.gnu.linkonce.sw_isr_table*))
 .gnu.linkonce.sw_isr_table
                0x0800b708      0x148 zephyr/arch/common/libisr_tables.a(isr_tables.c.obj)
                0x0800b708                _sw_isr_table

initlevel_error
 *(SORT_BY_NAME(SORT_BY_ALIGNMENT(.z_init_*)))
                0x00000001                        ASSERT ((SIZEOF (initlevel_error) == 0x0), Undefined initialization levels used.)

app_shmem_regions
                0x0800b850        0x0
                0x0800b850                        __app_shmem_regions_start = .
 *(SORT_BY_NAME(SORT_BY_ALIGNMENT(.app_regions.*)))
                0x0800b850                        __app_shmem_regions_end = .

k_p4wq_initparam_area
                0x0800b850        0x0
                0x0800b850                        _k_p4wq_initparam_list_start = .
 *(SORT_BY_NAME(SORT_BY_ALIGNMENT(._k_p4wq_initparam.static.*)))
                0x0800b850                        _k_p4wq_initparam_list_end = .

_static_thread_data_area
                0x0800b850        0x0
                0x0800b850                        __static_thread_data_list_start = .
 *(SORT_BY_NAME(SORT_BY_ALIGNMENT(.__static_thread_data.static.*)))
                0x0800b850                        __static_thread_data_list_end = .

device_deps     0x0800b850        0x0
                0x0800b850                        __device_deps_start = .
 *(SORT_BY_NAME(SORT_BY_ALIGNMENT(.__device_deps_pass2*)))
                0x0800b850                        __device_deps_end = .

gpio_driver_api_area
                0x0800b850       0x24
                0x0800b850                        _gpio_driver_api_list_start = .
 *(SORT_BY_NAME(SORT_BY_ALIGNMENT(._gpio_driver_api.static.*)))
 ._gpio_driver_api.static.gpio_stm32_driver_
                0x0800b850       0x24 zephyr/drivers/gpio/libdrivers__gpio.a(gpio_stm32.c.obj)
                0x0800b850                gpio_stm32_driver
                0x0800b874                        _gpio_driver_api_list_end = .

reset_driver_api_area
                0x0800b874       0x10
                0x0800b874                        _reset_driver_api_list_start = .
 *(SORT_BY_NAME(SORT_BY_ALIGNMENT(._reset_driver_api.static.*)))
 ._reset_driver_api.static.reset_stm32_driver_api_
                0x0800b874       0x10 zephyr/drivers/reset/libdrivers__reset.a(reset_stm32.c.obj)
                0x0800b884                        _reset_driver_api_list_end = .

shared_irq_driver_api_area
                0x0800b884        0x0
                0x0800b884                        _shared_irq_driver_api_list_start = .
 *(SORT_BY_NAME(SORT_BY_ALIGNMENT(._shared_irq_driver_api.static.*)))
                0x0800b884                        _shared_irq_driver_api_list_end = .

crypto_driver_api_area
                0x0800b884        0x0
                0x0800b884                        _crypto_driver_api_list_start = .
 *(SORT_BY_NAME(SORT_BY_ALIGNMENT(._crypto_driver_api.static.*)))
                0x0800b884                        _crypto_driver_api_list_end = .

adc_driver_api_area
                0x0800b884        0x0
                0x0800b884                        _adc_driver_api_list_start = .
 *(SORT_BY_NAME(SORT_BY_ALIGNMENT(._adc_driver_api.static.*)))
                0x0800b884                        _adc_driver_api_list_end = .

auxdisplay_driver_api_area
                0x0800b884        0x0
                0x0800b884                        _auxdisplay_driver_api_list_start = .
 *(SORT_BY_NAME(SORT_BY_ALIGNMENT(._auxdisplay_driver_api.static.*)))
                0x0800b884                        _auxdisplay_driver_api_list_end = .

bbram_driver_api_area
                0x0800b884        0x0
                0x0800b884                        _bbram_driver_api_list_start = .
 *(SORT_BY_NAME(SORT_BY_ALIGNMENT(._bbram_driver_api.static.*)))
                0x0800b884                        _bbram_driver_api_list_end = .

biometric_driver_api_area
                0x0800b884        0x0
                0x0800b884                        _biometric_driver_api_list_start = .
 *(SORT_BY_NAME(SORT_BY_ALIGNMENT(._biometric_driver_api.static.*)))
                0x0800b884                        _biometric_driver_api_list_end = .

bt_hci_driver_api_area
                0x0800b884        0x0
                0x0800b884                        _bt_hci_driver_api_list_start = .
 *(SORT_BY_NAME(SORT_BY_ALIGNMENT(._bt_hci_driver_api.static.*)))
                0x0800b884                        _bt_hci_driver_api_list_end = .

can_driver_api_area
                0x0800b884        0x0
                0x0800b884                        _can_driver_api_list_start = .
 *(SORT_BY_NAME(SORT_BY_ALIGNMENT(._can_driver_api.static.*)))
                0x0800b884                        _can_driver_api_list_end = .

cellular_driver_api_area
                0x0800b884        0x0
                0x0800b884                        _cellular_driver_api_list_start = .
 *(SORT_BY_NAME(SORT_BY_ALIGNMENT(._cellular_driver_api.static.*)))
                0x0800b884                        _cellular_driver_api_list_end = .

charger_driver_api_area
                0x0800b884        0x0
                0x0800b884                        _charger_driver_api_list_start = .
 *(SORT_BY_NAME(SORT_BY_ALIGNMENT(._charger_driver_api.static.*)))
                0x0800b884                        _charger_driver_api_list_end = .

clock_control_driver_api_area
                0x0800b884       0x1c
                0x0800b884                        _clock_control_driver_api_list_start = .
 *(SORT_BY_NAME(SORT_BY_ALIGNMENT(._clock_control_driver_api.static.*)))
 ._clock_control_driver_api.static.stm32_clock_control_api_
                0x0800b884       0x1c zephyr/drivers/clock_control/libdrivers__clock_control.a(clock_stm32_ll_h7.c.obj)
                0x0800b8a0                        _clock_control_driver_api_list_end = .

comparator_driver_api_area
                0x0800b8a0        0x0
                0x0800b8a0                        _comparator_driver_api_list_start = .
 *(SORT_BY_NAME(SORT_BY_ALIGNMENT(._comparator_driver_api.static.*)))
                0x0800b8a0                        _comparator_driver_api_list_end = .

coredump_driver_api_area
                0x0800b8a0        0x0
                0x0800b8a0                        _coredump_driver_api_list_start = .
 *(SORT_BY_NAME(SORT_BY_ALIGNMENT(._coredump_driver_api.static.*)))
                0x0800b8a0                        _coredump_driver_api_list_end = .

counter_driver_api_area
                0x0800b8a0        0x0
                0x0800b8a0                        _counter_driver_api_list_start = .
 *(SORT_BY_NAME(SORT_BY_ALIGNMENT(._counter_driver_api.static.*)))
                0x0800b8a0                        _counter_driver_api_list_end = .

crc_driver_api_area
                0x0800b8a0        0x0
                0x0800b8a0                        _crc_driver_api_list_start = .
 *(SORT_BY_NAME(SORT_BY_ALIGNMENT(._crc_driver_api.static.*)))
                0x0800b8a0                        _crc_driver_api_list_end = .

dac_driver_api_area
                0x0800b8a0        0x0
                0x0800b8a0                        _dac_driver_api_list_start = .
 *(SORT_BY_NAME(SORT_BY_ALIGNMENT(._dac_driver_api.static.*)))
                0x0800b8a0                        _dac_driver_api_list_end = .

dai_driver_api_area
                0x0800b8a0        0x0
                0x0800b8a0                        _dai_driver_api_list_start = .
 *(SORT_BY_NAME(SORT_BY_ALIGNMENT(._dai_driver_api.static.*)))
                0x0800b8a0                        _dai_driver_api_list_end = .

display_driver_api_area
                0x0800b8a0        0x0
                0x0800b8a0                        _display_driver_api_list_start = .
 *(SORT_BY_NAME(SORT_BY_ALIGNMENT(._display_driver_api.static.*)))
                0x0800b8a0                        _display_driver_api_list_end = .

dma_driver_api_area
                0x0800b8a0        0x0
                0x0800b8a0                        _dma_driver_api_list_start = .
 *(SORT_BY_NAME(SORT_BY_ALIGNMENT(._dma_driver_api.static.*)))
                0x0800b8a0                        _dma_driver_api_list_end = .

edac_driver_api_area
                0x0800b8a0        0x0
                0x0800b8a0                        _edac_driver_api_list_start = .
 *(SORT_BY_NAME(SORT_BY_ALIGNMENT(._edac_driver_api.static.*)))
                0x0800b8a0                        _edac_driver_api_list_end = .

eeprom_driver_api_area
                0x0800b8a0        0x0
                0x0800b8a0                        _eeprom_driver_api_list_start = .
 *(SORT_BY_NAME(SORT_BY_ALIGNMENT(._eeprom_driver_api.static.*)))
                0x0800b8a0                        _eeprom_driver_api_list_end = .

emul_bbram_driver_api_area
                0x0800b8a0        0x0
                0x0800b8a0                        _emul_bbram_driver_api_list_start = .
 *(SORT_BY_NAME(SORT_BY_ALIGNMENT(._emul_bbram_driver_api.static.*)))
                0x0800b8a0                        _emul_bbram_driver_api_list_end = .

fuel_gauge_emul_driver_api_area
                0x0800b8a0        0x0
                0x0800b8a0                        _fuel_gauge_emul_driver_api_list_start = .
 *(SORT_BY_NAME(SORT_BY_ALIGNMENT(._fuel_gauge_emul_driver_api.static.*)))
                0x0800b8a0                        _fuel_gauge_emul_driver_api_list_end = .

emul_sensor_driver_api_area
                0x0800b8a0        0x0
                0x0800b8a0                        _emul_sensor_driver_api_list_start = .
 *(SORT_BY_NAME(SORT_BY_ALIGNMENT(._emul_sensor_driver_api.static.*)))
                0x0800b8a0                        _emul_sensor_driver_api_list_end = .

entropy_driver_api_area
                0x0800b8a0        0x0
                0x0800b8a0                        _entropy_driver_api_list_start = .
 *(SORT_BY_NAME(SORT_BY_ALIGNMENT(._entropy_driver_api.static.*)))
                0x0800b8a0                        _entropy_driver_api_list_end = .

espi_driver_api_area
                0x0800b8a0        0x0
                0x0800b8a0                        _espi_driver_api_list_start = .
 *(SORT_BY_NAME(SORT_BY_ALIGNMENT(._espi_driver_api.static.*)))
                0x0800b8a0                        _espi_driver_api_list_end = .

espi_saf_driver_api_area
                0x0800b8a0        0x0
                0x0800b8a0                        _espi_saf_driver_api_list_start = .
 *(SORT_BY_NAME(SORT_BY_ALIGNMENT(._espi_saf_driver_api.static.*)))
                0x0800b8a0                        _espi_saf_driver_api_list_end = .

flash_driver_api_area
                0x0800b8a0        0x0
                0x0800b8a0                        _flash_driver_api_list_start = .
 *(SORT_BY_NAME(SORT_BY_ALIGNMENT(._flash_driver_api.static.*)))
                0x0800b8a0                        _flash_driver_api_list_end = .

fpga_driver_api_area
                0x0800b8a0        0x0
                0x0800b8a0                        _fpga_driver_api_list_start = .
 *(SORT_BY_NAME(SORT_BY_ALIGNMENT(._fpga_driver_api.static.*)))
                0x0800b8a0                        _fpga_driver_api_list_end = .

fuel_gauge_driver_api_area
                0x0800b8a0        0x0
                0x0800b8a0                        _fuel_gauge_driver_api_list_start = .
 *(SORT_BY_NAME(SORT_BY_ALIGNMENT(._fuel_gauge_driver_api.static.*)))
                0x0800b8a0                        _fuel_gauge_driver_api_list_end = .

gnss_driver_api_area
                0x0800b8a0        0x0
                0x0800b8a0                        _gnss_driver_api_list_start = .
 *(SORT_BY_NAME(SORT_BY_ALIGNMENT(._gnss_driver_api.static.*)))
                0x0800b8a0                        _gnss_driver_api_list_end = .
